[0/1] Planning build
Building for debugging...
[0/4] Write swift-version--58304C5D6DBC2206.txt
[2/9] Compiling OverCUELightingProbe ThreeSingleLights.swift
[3/9] Compiling OverCUELightingProbe main.swift
[4/9] Emitting module OverCUELightingProbe
[5/9] Compiling OverCUELightingProbe KeyIndexWalk.swift
[6/9] Compiling OverCUELightingProbe LiveRGBTest.swift
[6/9] Write Objects.LinkFileList
[7/9] Linking overcue-led-probe
[8/9] Applying overcue-led-probe
Build of product 'overcue-led-probe' complete! (0.67s)
[2026-09-04T08:50:28Z] TARGET SDINNOVATION SIDE-KEYBOARD VID=0816 PID=246E Serial=592B14678182 Usage=FF00:0002 OutputID=0 length=64; unique interface
[2026-09-04T08:50:28Z] SEND walk-baseline-light reportID=0 length=64 bytes=[06 0A 00 00 00 00 00 00 00 00 00 00 00 00 00 00 00 00 00 00 00 00 00 00 00 00 00 00 00 00 00 00 00 00 00 00 00 00 00 00 00 00 00 00 00 00 00 00 00 00 00 00 00 00 00 00 00 00 00 00 00 00 00 00]
[2026-09-04T08:50:28Z] SETRESULT walk-baseline-light IOReturn=0x00000000
[2026-09-04T08:50:28Z] INPUT walk-baseline-light reportID=0 length=64 latencyMs=1.958 IOReturn=0x00000000 bytes=[AA 0A 0B 00 00 01 00 05 04 02 00 00 07 FF FF FF 00 00 00 00 00 00 00 00 00 00 00 00 00 00 00 00 00 00 00 00 00 00 00 00 00 00 00 00 00 00 00 00 00 00 00 00 00 00 00 00 00 00 00 00 00 00 00 00]
[2026-09-04T08:50:28Z] SEND walk-baseline-rgb reportID=0 length=64 bytes=[06 13 3A 00 00 00 00 00 00 00 00 00 00 00 00 00 00 00 00 00 00 00 00 00 00 00 00 00 00 00 00 00 00 00 00 00 00 00 00 00 00 00 00 00 00 00 00 00 00 00 00 00 00 00 00 00 00 00 00 00 00 00 00 00]
[2026-09-04T08:50:28Z] SETRESULT walk-baseline-rgb IOReturn=0x00000000
[2026-09-04T08:50:28Z] INPUT walk-baseline-rgb reportID=0 length=64 latencyMs=1.798 IOReturn=0x00000000 bytes=[AA 13 3A 00 00 00 00 00 00 00 FF 00 00 00 00 00 00 00 00 00 00 00 00 00 00 00 00 00 00 00 00 00 00 00 00 00 00 00 00 00 00 00 00 00 00 00 00 00 00 00 00 00 00 00 00 00 00 00 00 00 00 00 00 00]
[2026-09-04T08:50:28Z] TARGET SDINNOVATION SIDE-KEYBOARD VID=0816 PID=246E Serial=2D3B07678182 Usage=FF00:0002 OutputID=0 length=64; unique interface
[2026-09-04T08:50:28Z] SEND walk-baseline-light reportID=0 length=64 bytes=[06 0A 00 00 00 00 00 00 00 00 00 00 00 00 00 00 00 00 00 00 00 00 00 00 00 00 00 00 00 00 00 00 00 00 00 00 00 00 00 00 00 00 00 00 00 00 00 00 00 00 00 00 00 00 00 00 00 00 00 00 00 00 00 00]
[2026-09-04T08:50:28Z] SETRESULT walk-baseline-light IOReturn=0x00000000
[2026-09-04T08:50:28Z] INPUT walk-baseline-light reportID=0 length=64 latencyMs=2.152 IOReturn=0x00000000 bytes=[AA 0A 0B 00 00 01 00 05 04 02 00 00 07 FF FF FF 00 00 00 00 00 00 00 00 00 00 00 00 00 00 00 00 00 00 00 00 00 00 00 00 00 00 00 00 00 00 00 00 00 00 00 00 00 00 00 00 00 00 00 00 00 00 00 00]
[2026-09-04T08:50:28Z] SEND walk-baseline-rgb reportID=0 length=64 bytes=[06 13 3A 00 00 00 00 00 00 00 00 00 00 00 00 00 00 00 00 00 00 00 00 00 00 00 00 00 00 00 00 00 00 00 00 00 00 00 00 00 00 00 00 00 00 00 00 00 00 00 00 00 00 00 00 00 00 00 00 00 00 00 00 00]
[2026-09-04T08:50:28Z] SETRESULT walk-baseline-rgb IOReturn=0x00000000
[2026-09-04T08:50:28Z] INPUT walk-baseline-rgb reportID=0 length=64 latencyMs=1.831 IOReturn=0x00000000 bytes=[AA 13 3A 00 00 00 00 00 00 FF 00 00 00 00 00 00 00 00 00 00 00 00 00 00 00 00 00 00 00 00 00 00 00 00 00 00 00 00 00 00 00 00 00 00 00 00 00 00 00 00 00 00 00 00 00 00 00 00 00 00 00 00 00 00]
[2026-09-04T08:50:28Z] TARGET SDINNOVATION SIDE-KEYBOARD VID=0816 PID=246E Serial=3F8701678182 Usage=FF00:0002 OutputID=0 length=64; unique interface
[2026-09-04T08:50:28Z] SEND walk-baseline-light reportID=0 length=64 bytes=[06 0A 00 00 00 00 00 00 00 00 00 00 00 00 00 00 00 00 00 00 00 00 00 00 00 00 00 00 00 00 00 00 00 00 00 00 00 00 00 00 00 00 00 00 00 00 00 00 00 00 00 00 00 00 00 00 00 00 00 00 00 00 00 00]
[2026-09-04T08:50:28Z] SETRESULT walk-baseline-light IOReturn=0x00000000
[2026-09-04T08:50:28Z] INPUT walk-baseline-light reportID=0 length=64 latencyMs=2.198 IOReturn=0x00000000 bytes=[AA 0A 0B 00 00 01 00 05 04 02 00 00 07 FF FF FF 00 00 00 00 00 00 00 00 00 00 00 00 00 00 00 00 00 00 00 00 00 00 00 00 00 00 00 00 00 00 00 00 00 00 00 00 00 00 00 00 00 00 00 00 00 00 00 00]
[2026-09-04T08:50:28Z] SEND walk-baseline-rgb reportID=0 length=64 bytes=[06 13 3A 00 00 00 00 00 00 00 00 00 00 00 00 00 00 00 00 00 00 00 00 00 00 00 00 00 00 00 00 00 00 00 00 00 00 00 00 00 00 00 00 00 00 00 00 00 00 00 00 00 00 00 00 00 00 00 00 00 00 00 00 00]
[2026-09-04T08:50:28Z] SETRESULT walk-baseline-rgb IOReturn=0x00000000
[2026-09-04T08:50:28Z] INPUT walk-baseline-rgb reportID=0 length=64 latencyMs=1.826 IOReturn=0x00000000 bytes=[AA 13 3A 00 00 00 00 00 FF 00 00 00 00 00 00 00 00 00 00 00 00 00 00 00 00 00 00 00 00 00 00 00 00 00 00 00 00 00 00 00 00 00 00 00 00 00 00 00 00 00 00 00 00 00 00 00 00 00 00 00 00 00 00 00]
2026-09-04T08:50:28Z OBSERVE key_index=0 for 5 seconds
[2026-09-04T08:50:33Z] TARGET SDINNOVATION SIDE-KEYBOARD VID=0816 PID=246E Serial=592B14678182 Usage=FF00:0002 OutputID=0 length=64; unique interface
[2026-09-04T08:50:33Z] SEND walk-off-0 reportID=0 length=64 bytes=[06 14 03 00 00 00 00 00 00 00 00 00 00 00 00 00 00 00 00 00 00 00 00 00 00 00 00 00 00 00 00 00 00 00 00 00 00 00 00 00 00 00 00 00 00 00 00 00 00 00 00 00 00 00 00 00 00 00 00 00 00 00 00 00]
[2026-09-04T08:50:33Z] SETRESULT walk-off-0 IOReturn=0x00000000
[2026-09-04T08:50:33Z] INPUT walk-off-0 reportID=0 length=64 latencyMs=7.418 IOReturn=0x00000000 bytes=[AA 14 01 00 00 00 00 00 00 00 00 00 00 00 00 00 00 00 00 00 00 00 00 00 00 00 00 00 00 00 00 00 00 00 00 00 00 00 00 00 00 00 00 00 00 00 00 00 00 00 00 00 00 00 00 00 00 00 00 00 00 00 00 00]
[2026-09-04T08:50:33Z] SEND walk-on-1 reportID=0 length=64 bytes=[06 14 03 03 00 00 00 00 00 00 FF 00 00 00 00 00 00 00 00 00 00 00 00 00 00 00 00 00 00 00 00 00 00 00 00 00 00 00 00 00 00 00 00 00 00 00 00 00 00 00 00 00 00 00 00 00 00 00 00 00 00 00 00 00]
[2026-09-04T08:50:33Z] SETRESULT walk-on-1 IOReturn=0x00000000
[2026-09-04T08:50:33Z] INPUT walk-on-1 reportID=0 length=64 latencyMs=6.651 IOReturn=0x00000000 bytes=[AA 14 01 03 00 00 00 00 00 00 FF 00 00 00 00 00 00 00 00 00 00 00 00 00 00 00 00 00 00 00 00 00 00 00 00 00 00 00 00 00 00 00 00 00 00 00 00 00 00 00 00 00 00 00 00 00 00 00 00 00 00 00 00 00]
[2026-09-04T08:50:33Z] SEND walk-verify-1 reportID=0 length=64 bytes=[06 13 3A 00 00 00 00 00 00 00 00 00 00 00 00 00 00 00 00 00 00 00 00 00 00 00 00 00 00 00 00 00 00 00 00 00 00 00 00 00 00 00 00 00 00 00 00 00 00 00 00 00 00 00 00 00 00 00 00 00 00 00 00 00]
[2026-09-04T08:50:33Z] SETRESULT walk-verify-1 IOReturn=0x00000000
[2026-09-04T08:50:33Z] INPUT walk-verify-1 reportID=0 length=64 latencyMs=1.746 IOReturn=0x00000000 bytes=[AA 13 3A 00 00 00 00 00 00 00 00 00 00 FF 00 00 00 00 00 00 00 00 00 00 00 00 00 00 00 00 00 00 00 00 00 00 00 00 00 00 00 00 00 00 00 00 00 00 00 00 00 00 00 00 00 00 00 00 00 00 00 00 00 00]
[2026-09-04T08:50:33Z] TARGET SDINNOVATION SIDE-KEYBOARD VID=0816 PID=246E Serial=2D3B07678182 Usage=FF00:0002 OutputID=0 length=64; unique interface
[2026-09-04T08:50:33Z] SEND walk-off-0 reportID=0 length=64 bytes=[06 14 03 00 00 00 00 00 00 00 00 00 00 00 00 00 00 00 00 00 00 00 00 00 00 00 00 00 00 00 00 00 00 00 00 00 00 00 00 00 00 00 00 00 00 00 00 00 00 00 00 00 00 00 00 00 00 00 00 00 00 00 00 00]
[2026-09-04T08:50:33Z] SETRESULT walk-off-0 IOReturn=0x00000000
[2026-09-04T08:50:33Z] INPUT walk-off-0 reportID=0 length=64 latencyMs=6.705 IOReturn=0x00000000 bytes=[AA 14 01 00 00 00 00 00 00 00 00 00 00 00 00 00 00 00 00 00 00 00 00 00 00 00 00 00 00 00 00 00 00 00 00 00 00 00 00 00 00 00 00 00 00 00 00 00 00 00 00 00 00 00 00 00 00 00 00 00 00 00 00 00]
[2026-09-04T08:50:33Z] SEND walk-on-1 reportID=0 length=64 bytes=[06 14 03 03 00 00 00 00 00 FF 00 00 00 00 00 00 00 00 00 00 00 00 00 00 00 00 00 00 00 00 00 00 00 00 00 00 00 00 00 00 00 00 00 00 00 00 00 00 00 00 00 00 00 00 00 00 00 00 00 00 00 00 00 00]
[2026-09-04T08:50:33Z] SETRESULT walk-on-1 IOReturn=0x00000000
[2026-09-04T08:50:33Z] INPUT walk-on-1 reportID=0 length=64 latencyMs=6.649 IOReturn=0x00000000 bytes=[AA 14 01 03 00 00 00 00 00 FF 00 00 00 00 00 00 00 00 00 00 00 00 00 00 00 00 00 00 00 00 00 00 00 00 00 00 00 00 00 00 00 00 00 00 00 00 00 00 00 00 00 00 00 00 00 00 00 00 00 00 00 00 00 00]
[2026-09-04T08:50:33Z] SEND walk-verify-1 reportID=0 length=64 bytes=[06 13 3A 00 00 00 00 00 00 00 00 00 00 00 00 00 00 00 00 00 00 00 00 00 00 00 00 00 00 00 00 00 00 00 00 00 00 00 00 00 00 00 00 00 00 00 00 00 00 00 00 00 00 00 00 00 00 00 00 00 00 00 00 00]
[2026-09-04T08:50:33Z] SETRESULT walk-verify-1 IOReturn=0x00000000
[2026-09-04T08:50:33Z] INPUT walk-verify-1 reportID=0 length=64 latencyMs=1.677 IOReturn=0x00000000 bytes=[AA 13 3A 00 00 00 00 00 00 00 00 00 FF 00 00 00 00 00 00 00 00 00 00 00 00 00 00 00 00 00 00 00 00 00 00 00 00 00 00 00 00 00 00 00 00 00 00 00 00 00 00 00 00 00 00 00 00 00 00 00 00 00 00 00]
[2026-09-04T08:50:33Z] TARGET SDINNOVATION SIDE-KEYBOARD VID=0816 PID=246E Serial=3F8701678182 Usage=FF00:0002 OutputID=0 length=64; unique interface
[2026-09-04T08:50:33Z] SEND walk-off-0 reportID=0 length=64 bytes=[06 14 03 00 00 00 00 00 00 00 00 00 00 00 00 00 00 00 00 00 00 00 00 00 00 00 00 00 00 00 00 00 00 00 00 00 00 00 00 00 00 00 00 00 00 00 00 00 00 00 00 00 00 00 00 00 00 00 00 00 00 00 00 00]
[2026-09-04T08:50:33Z] SETRESULT walk-off-0 IOReturn=0x00000000
[2026-09-04T08:50:33Z] INPUT walk-off-0 reportID=0 length=64 latencyMs=7.570 IOReturn=0x00000000 bytes=[AA 14 01 00 00 00 00 00 00 00 00 00 00 00 00 00 00 00 00 00 00 00 00 00 00 00 00 00 00 00 00 00 00 00 00 00 00 00 00 00 00 00 00 00 00 00 00 00 00 00 00 00 00 00 00 00 00 00 00 00 00 00 00 00]
[2026-09-04T08:50:33Z] SEND walk-on-1 reportID=0 length=64 bytes=[06 14 03 03 00 00 00 00 FF 00 00 00 00 00 00 00 00 00 00 00 00 00 00 00 00 00 00 00 00 00 00 00 00 00 00 00 00 00 00 00 00 00 00 00 00 00 00 00 00 00 00 00 00 00 00 00 00 00 00 00 00 00 00 00]
[2026-09-04T08:50:33Z] SETRESULT walk-on-1 IOReturn=0x00000000
[2026-09-04T08:50:33Z] INPUT walk-on-1 reportID=0 length=64 latencyMs=6.943 IOReturn=0x00000000 bytes=[AA 14 01 03 00 00 00 00 FF 00 00 00 00 00 00 00 00 00 00 00 00 00 00 00 00 00 00 00 00 00 00 00 00 00 00 00 00 00 00 00 00 00 00 00 00 00 00 00 00 00 00 00 00 00 00 00 00 00 00 00 00 00 00 00]
[2026-09-04T08:50:33Z] SEND walk-verify-1 reportID=0 length=64 bytes=[06 13 3A 00 00 00 00 00 00 00 00 00 00 00 00 00 00 00 00 00 00 00 00 00 00 00 00 00 00 00 00 00 00 00 00 00 00 00 00 00 00 00 00 00 00 00 00 00 00 00 00 00 00 00 00 00 00 00 00 00 00 00 00 00]
[2026-09-04T08:50:33Z] SETRESULT walk-verify-1 IOReturn=0x00000000
[2026-09-04T08:50:33Z] INPUT walk-verify-1 reportID=0 length=64 latencyMs=2.244 IOReturn=0x00000000 bytes=[AA 13 3A 00 00 00 00 00 00 00 00 FF 00 00 00 00 00 00 00 00 00 00 00 00 00 00 00 00 00 00 00 00 00 00 00 00 00 00 00 00 00 00 00 00 00 00 00 00 00 00 00 00 00 00 00 00 00 00 00 00 00 00 00 00]
2026-09-04T08:50:33Z OBSERVE key_index=1 for 5 seconds
[2026-09-04T08:50:38Z] TARGET SDINNOVATION SIDE-KEYBOARD VID=0816 PID=246E Serial=592B14678182 Usage=FF00:0002 OutputID=0 length=64; unique interface
[2026-09-04T08:50:38Z] SEND walk-off-1 reportID=0 length=64 bytes=[06 14 03 03 00 00 00 00 00 00 00 00 00 00 00 00 00 00 00 00 00 00 00 00 00 00 00 00 00 00 00 00 00 00 00 00 00 00 00 00 00 00 00 00 00 00 00 00 00 00 00 00 00 00 00 00 00 00 00 00 00 00 00 00]
[2026-09-04T08:50:38Z] SETRESULT walk-off-1 IOReturn=0x00000000
[2026-09-04T08:50:38Z] INPUT walk-off-1 reportID=0 length=64 latencyMs=7.726 IOReturn=0x00000000 bytes=[AA 14 01 03 00 00 00 00 00 00 00 00 00 00 00 00 00 00 00 00 00 00 00 00 00 00 00 00 00 00 00 00 00 00 00 00 00 00 00 00 00 00 00 00 00 00 00 00 00 00 00 00 00 00 00 00 00 00 00 00 00 00 00 00]
[2026-09-04T08:50:38Z] SEND walk-on-2 reportID=0 length=64 bytes=[06 14 03 06 00 00 00 00 00 00 FF 00 00 00 00 00 00 00 00 00 00 00 00 00 00 00 00 00 00 00 00 00 00 00 00 00 00 00 00 00 00 00 00 00 00 00 00 00 00 00 00 00 00 00 00 00 00 00 00 00 00 00 00 00]
[2026-09-04T08:50:38Z] SETRESULT walk-on-2 IOReturn=0x00000000
[2026-09-04T08:50:38Z] INPUT walk-on-2 reportID=0 length=64 latencyMs=7.200 IOReturn=0x00000000 bytes=[AA 14 01 06 00 00 00 00 00 00 FF 00 00 00 00 00 00 00 00 00 00 00 00 00 00 00 00 00 00 00 00 00 00 00 00 00 00 00 00 00 00 00 00 00 00 00 00 00 00 00 00 00 00 00 00 00 00 00 00 00 00 00 00 00]
[2026-09-04T08:50:38Z] SEND walk-verify-2 reportID=0 length=64 bytes=[06 13 3A 00 00 00 00 00 00 00 00 00 00 00 00 00 00 00 00 00 00 00 00 00 00 00 00 00 00 00 00 00 00 00 00 00 00 00 00 00 00 00 00 00 00 00 00 00 00 00 00 00 00 00 00 00 00 00 00 00 00 00 00 00]
[2026-09-04T08:50:38Z] SETRESULT walk-verify-2 IOReturn=0x00000000
[2026-09-04T08:50:38Z] INPUT walk-verify-2 reportID=0 length=64 latencyMs=1.814 IOReturn=0x00000000 bytes=[AA 13 3A 00 00 00 00 00 00 00 00 00 00 00 00 00 FF 00 00 00 00 00 00 00 00 00 00 00 00 00 00 00 00 00 00 00 00 00 00 00 00 00 00 00 00 00 00 00 00 00 00 00 00 00 00 00 00 00 00 00 00 00 00 00]
[2026-09-04T08:50:38Z] TARGET SDINNOVATION SIDE-KEYBOARD VID=0816 PID=246E Serial=2D3B07678182 Usage=FF00:0002 OutputID=0 length=64; unique interface
[2026-09-04T08:50:38Z] SEND walk-off-1 reportID=0 length=64 bytes=[06 14 03 03 00 00 00 00 00 00 00 00 00 00 00 00 00 00 00 00 00 00 00 00 00 00 00 00 00 00 00 00 00 00 00 00 00 00 00 00 00 00 00 00 00 00 00 00 00 00 00 00 00 00 00 00 00 00 00 00 00 00 00 00]
[2026-09-04T08:50:38Z] SETRESULT walk-off-1 IOReturn=0x00000000
[2026-09-04T08:50:38Z] INPUT walk-off-1 reportID=0 length=64 latencyMs=6.684 IOReturn=0x00000000 bytes=[AA 14 01 03 00 00 00 00 00 00 00 00 00 00 00 00 00 00 00 00 00 00 00 00 00 00 00 00 00 00 00 00 00 00 00 00 00 00 00 00 00 00 00 00 00 00 00 00 00 00 00 00 00 00 00 00 00 00 00 00 00 00 00 00]
[2026-09-04T08:50:38Z] SEND walk-on-2 reportID=0 length=64 bytes=[06 14 03 06 00 00 00 00 00 FF 00 00 00 00 00 00 00 00 00 00 00 00 00 00 00 00 00 00 00 00 00 00 00 00 00 00 00 00 00 00 00 00 00 00 00 00 00 00 00 00 00 00 00 00 00 00 00 00 00 00 00 00 00 00]
[2026-09-04T08:50:38Z] SETRESULT walk-on-2 IOReturn=0x00000000
[2026-09-04T08:50:38Z] INPUT walk-on-2 reportID=0 length=64 latencyMs=6.771 IOReturn=0x00000000 bytes=[AA 14 01 06 00 00 00 00 00 FF 00 00 00 00 00 00 00 00 00 00 00 00 00 00 00 00 00 00 00 00 00 00 00 00 00 00 00 00 00 00 00 00 00 00 00 00 00 00 00 00 00 00 00 00 00 00 00 00 00 00 00 00 00 00]
[2026-09-04T08:50:38Z] SEND walk-verify-2 reportID=0 length=64 bytes=[06 13 3A 00 00 00 00 00 00 00 00 00 00 00 00 00 00 00 00 00 00 00 00 00 00 00 00 00 00 00 00 00 00 00 00 00 00 00 00 00 00 00 00 00 00 00 00 00 00 00 00 00 00 00 00 00 00 00 00 00 00 00 00 00]
[2026-09-04T08:50:38Z] SETRESULT walk-verify-2 IOReturn=0x00000000
[2026-09-04T08:50:38Z] INPUT walk-verify-2 reportID=0 length=64 latencyMs=1.536 IOReturn=0x00000000 bytes=[AA 13 3A 00 00 00 00 00 00 00 00 00 00 00 00 FF 00 00 00 00 00 00 00 00 00 00 00 00 00 00 00 00 00 00 00 00 00 00 00 00 00 00 00 00 00 00 00 00 00 00 00 00 00 00 00 00 00 00 00 00 00 00 00 00]
[2026-09-04T08:50:38Z] TARGET SDINNOVATION SIDE-KEYBOARD VID=0816 PID=246E Serial=3F8701678182 Usage=FF00:0002 OutputID=0 length=64; unique interface
[2026-09-04T08:50:38Z] SEND walk-off-1 reportID=0 length=64 bytes=[06 14 03 03 00 00 00 00 00 00 00 00 00 00 00 00 00 00 00 00 00 00 00 00 00 00 00 00 00 00 00 00 00 00 00 00 00 00 00 00 00 00 00 00 00 00 00 00 00 00 00 00 00 00 00 00 00 00 00 00 00 00 00 00]
[2026-09-04T08:50:38Z] SETRESULT walk-off-1 IOReturn=0x00000000
[2026-09-04T08:50:38Z] INPUT walk-off-1 reportID=0 length=64 latencyMs=6.739 IOReturn=0x00000000 bytes=[AA 14 01 03 00 00 00 00 00 00 00 00 00 00 00 00 00 00 00 00 00 00 00 00 00 00 00 00 00 00 00 00 00 00 00 00 00 00 00 00 00 00 00 00 00 00 00 00 00 00 00 00 00 00 00 00 00 00 00 00 00 00 00 00]
[2026-09-04T08:50:38Z] SEND walk-on-2 reportID=0 length=64 bytes=[06 14 03 06 00 00 00 00 FF 00 00 00 00 00 00 00 00 00 00 00 00 00 00 00 00 00 00 00 00 00 00 00 00 00 00 00 00 00 00 00 00 00 00 00 00 00 00 00 00 00 00 00 00 00 00 00 00 00 00 00 00 00 00 00]
[2026-09-04T08:50:38Z] SETRESULT walk-on-2 IOReturn=0x00000000
[2026-09-04T08:50:38Z] INPUT walk-on-2 reportID=0 length=64 latencyMs=7.327 IOReturn=0x00000000 bytes=[AA 14 01 06 00 00 00 00 FF 00 00 00 00 00 00 00 00 00 00 00 00 00 00 00 00 00 00 00 00 00 00 00 00 00 00 00 00 00 00 00 00 00 00 00 00 00 00 00 00 00 00 00 00 00 00 00 00 00 00 00 00 00 00 00]
[2026-09-04T08:50:38Z] SEND walk-verify-2 reportID=0 length=64 bytes=[06 13 3A 00 00 00 00 00 00 00 00 00 00 00 00 00 00 00 00 00 00 00 00 00 00 00 00 00 00 00 00 00 00 00 00 00 00 00 00 00 00 00 00 00 00 00 00 00 00 00 00 00 00 00 00 00 00 00 00 00 00 00 00 00]
[2026-09-04T08:50:38Z] SETRESULT walk-verify-2 IOReturn=0x00000000
[2026-09-04T08:50:38Z] INPUT walk-verify-2 reportID=0 length=64 latencyMs=2.451 IOReturn=0x00000000 bytes=[AA 13 3A 00 00 00 00 00 00 00 00 00 00 00 FF 00 00 00 00 00 00 00 00 00 00 00 00 00 00 00 00 00 00 00 00 00 00 00 00 00 00 00 00 00 00 00 00 00 00 00 00 00 00 00 00 00 00 00 00 00 00 00 00 00]
2026-09-04T08:50:38Z OBSERVE key_index=2 for 5 seconds
[2026-09-04T08:50:43Z] TARGET SDINNOVATION SIDE-KEYBOARD VID=0816 PID=246E Serial=592B14678182 Usage=FF00:0002 OutputID=0 length=64; unique interface
[2026-09-04T08:50:43Z] SEND walk-off-2 reportID=0 length=64 bytes=[06 14 03 06 00 00 00 00 00 00 00 00 00 00 00 00 00 00 00 00 00 00 00 00 00 00 00 00 00 00 00 00 00 00 00 00 00 00 00 00 00 00 00 00 00 00 00 00 00 00 00 00 00 00 00 00 00 00 00 00 00 00 00 00]
[2026-09-04T08:50:43Z] SETRESULT walk-off-2 IOReturn=0x00000000
[2026-09-04T08:50:43Z] INPUT walk-off-2 reportID=0 length=64 latencyMs=7.184 IOReturn=0x00000000 bytes=[AA 14 01 06 00 00 00 00 00 00 00 00 00 00 00 00 00 00 00 00 00 00 00 00 00 00 00 00 00 00 00 00 00 00 00 00 00 00 00 00 00 00 00 00 00 00 00 00 00 00 00 00 00 00 00 00 00 00 00 00 00 00 00 00]
[2026-09-04T08:50:43Z] SEND walk-on-3 reportID=0 length=64 bytes=[06 14 03 09 00 00 00 00 00 00 FF 00 00 00 00 00 00 00 00 00 00 00 00 00 00 00 00 00 00 00 00 00 00 00 00 00 00 00 00 00 00 00 00 00 00 00 00 00 00 00 00 00 00 00 00 00 00 00 00 00 00 00 00 00]
[2026-09-04T08:50:43Z] SETRESULT walk-on-3 IOReturn=0x00000000
[2026-09-04T08:50:43Z] INPUT walk-on-3 reportID=0 length=64 latencyMs=7.442 IOReturn=0x00000000 bytes=[AA 14 01 09 00 00 00 00 00 00 FF 00 00 00 00 00 00 00 00 00 00 00 00 00 00 00 00 00 00 00 00 00 00 00 00 00 00 00 00 00 00 00 00 00 00 00 00 00 00 00 00 00 00 00 00 00 00 00 00 00 00 00 00 00]
[2026-09-04T08:50:43Z] SEND walk-verify-3 reportID=0 length=64 bytes=[06 13 3A 00 00 00 00 00 00 00 00 00 00 00 00 00 00 00 00 00 00 00 00 00 00 00 00 00 00 00 00 00 00 00 00 00 00 00 00 00 00 00 00 00 00 00 00 00 00 00 00 00 00 00 00 00 00 00 00 00 00 00 00 00]
[2026-09-04T08:50:43Z] SETRESULT walk-verify-3 IOReturn=0x00000000
[2026-09-04T08:50:43Z] INPUT walk-verify-3 reportID=0 length=64 latencyMs=2.429 IOReturn=0x00000000 bytes=[AA 13 3A 00 00 00 00 00 00 00 00 00 00 00 00 00 00 00 00 FF 00 00 00 00 00 00 00 00 00 00 00 00 00 00 00 00 00 00 00 00 00 00 00 00 00 00 00 00 00 00 00 00 00 00 00 00 00 00 00 00 00 00 00 00]
[2026-09-04T08:50:43Z] TARGET SDINNOVATION SIDE-KEYBOARD VID=0816 PID=246E Serial=2D3B07678182 Usage=FF00:0002 OutputID=0 length=64; unique interface
[2026-09-04T08:50:43Z] SEND walk-off-2 reportID=0 length=64 bytes=[06 14 03 06 00 00 00 00 00 00 00 00 00 00 00 00 00 00 00 00 00 00 00 00 00 00 00 00 00 00 00 00 00 00 00 00 00 00 00 00 00 00 00 00 00 00 00 00 00 00 00 00 00 00 00 00 00 00 00 00 00 00 00 00]
[2026-09-04T08:50:43Z] SETRESULT walk-off-2 IOReturn=0x00000000
[2026-09-04T08:50:43Z] INPUT walk-off-2 reportID=0 length=64 latencyMs=7.494 IOReturn=0x00000000 bytes=[AA 14 01 06 00 00 00 00 00 00 00 00 00 00 00 00 00 00 00 00 00 00 00 00 00 00 00 00 00 00 00 00 00 00 00 00 00 00 00 00 00 00 00 00 00 00 00 00 00 00 00 00 00 00 00 00 00 00 00 00 00 00 00 00]
[2026-09-04T08:50:43Z] SEND walk-on-3 reportID=0 length=64 bytes=[06 14 03 09 00 00 00 00 00 FF 00 00 00 00 00 00 00 00 00 00 00 00 00 00 00 00 00 00 00 00 00 00 00 00 00 00 00 00 00 00 00 00 00 00 00 00 00 00 00 00 00 00 00 00 00 00 00 00 00 00 00 00 00 00]
[2026-09-04T08:50:43Z] SETRESULT walk-on-3 IOReturn=0x00000000
[2026-09-04T08:50:43Z] INPUT walk-on-3 reportID=0 length=64 latencyMs=7.438 IOReturn=0x00000000 bytes=[AA 14 01 09 00 00 00 00 00 FF 00 00 00 00 00 00 00 00 00 00 00 00 00 00 00 00 00 00 00 00 00 00 00 00 00 00 00 00 00 00 00 00 00 00 00 00 00 00 00 00 00 00 00 00 00 00 00 00 00 00 00 00 00 00]
[2026-09-04T08:50:43Z] SEND walk-verify-3 reportID=0 length=64 bytes=[06 13 3A 00 00 00 00 00 00 00 00 00 00 00 00 00 00 00 00 00 00 00 00 00 00 00 00 00 00 00 00 00 00 00 00 00 00 00 00 00 00 00 00 00 00 00 00 00 00 00 00 00 00 00 00 00 00 00 00 00 00 00 00 00]
[2026-09-04T08:50:43Z] SETRESULT walk-verify-3 IOReturn=0x00000000
[2026-09-04T08:50:43Z] INPUT walk-verify-3 reportID=0 length=64 latencyMs=2.102 IOReturn=0x00000000 bytes=[AA 13 3A 00 00 00 00 00 00 00 00 00 00 00 00 00 00 00 FF 00 00 00 00 00 00 00 00 00 00 00 00 00 00 00 00 00 00 00 00 00 00 00 00 00 00 00 00 00 00 00 00 00 00 00 00 00 00 00 00 00 00 00 00 00]
[2026-09-04T08:50:43Z] TARGET SDINNOVATION SIDE-KEYBOARD VID=0816 PID=246E Serial=3F8701678182 Usage=FF00:0002 OutputID=0 length=64; unique interface
[2026-09-04T08:50:43Z] SEND walk-off-2 reportID=0 length=64 bytes=[06 14 03 06 00 00 00 00 00 00 00 00 00 00 00 00 00 00 00 00 00 00 00 00 00 00 00 00 00 00 00 00 00 00 00 00 00 00 00 00 00 00 00 00 00 00 00 00 00 00 00 00 00 00 00 00 00 00 00 00 00 00 00 00]
[2026-09-04T08:50:43Z] SETRESULT walk-off-2 IOReturn=0x00000000
[2026-09-04T08:50:43Z] INPUT walk-off-2 reportID=0 length=64 latencyMs=7.457 IOReturn=0x00000000 bytes=[AA 14 01 06 00 00 00 00 00 00 00 00 00 00 00 00 00 00 00 00 00 00 00 00 00 00 00 00 00 00 00 00 00 00 00 00 00 00 00 00 00 00 00 00 00 00 00 00 00 00 00 00 00 00 00 00 00 00 00 00 00 00 00 00]
[2026-09-04T08:50:43Z] SEND walk-on-3 reportID=0 length=64 bytes=[06 14 03 09 00 00 00 00 FF 00 00 00 00 00 00 00 00 00 00 00 00 00 00 00 00 00 00 00 00 00 00 00 00 00 00 00 00 00 00 00 00 00 00 00 00 00 00 00 00 00 00 00 00 00 00 00 00 00 00 00 00 00 00 00]
[2026-09-04T08:50:43Z] SETRESULT walk-on-3 IOReturn=0x00000000
[2026-09-04T08:50:43Z] INPUT walk-on-3 reportID=0 length=64 latencyMs=7.313 IOReturn=0x00000000 bytes=[AA 14 01 09 00 00 00 00 FF 00 00 00 00 00 00 00 00 00 00 00 00 00 00 00 00 00 00 00 00 00 00 00 00 00 00 00 00 00 00 00 00 00 00 00 00 00 00 00 00 00 00 00 00 00 00 00 00 00 00 00 00 00 00 00]
[2026-09-04T08:50:43Z] SEND walk-verify-3 reportID=0 length=64 bytes=[06 13 3A 00 00 00 00 00 00 00 00 00 00 00 00 00 00 00 00 00 00 00 00 00 00 00 00 00 00 00 00 00 00 00 00 00 00 00 00 00 00 00 00 00 00 00 00 00 00 00 00 00 00 00 00 00 00 00 00 00 00 00 00 00]
[2026-09-04T08:50:43Z] SETRESULT walk-verify-3 IOReturn=0x00000000
[2026-09-04T08:50:43Z] INPUT walk-verify-3 reportID=0 length=64 latencyMs=1.635 IOReturn=0x00000000 bytes=[AA 13 3A 00 00 00 00 00 00 00 00 00 00 00 00 00 00 FF 00 00 00 00 00 00 00 00 00 00 00 00 00 00 00 00 00 00 00 00 00 00 00 00 00 00 00 00 00 00 00 00 00 00 00 00 00 00 00 00 00 00 00 00 00 00]
2026-09-04T08:50:43Z OBSERVE key_index=3 for 5 seconds
[2026-09-04T08:50:48Z] TARGET SDINNOVATION SIDE-KEYBOARD VID=0816 PID=246E Serial=592B14678182 Usage=FF00:0002 OutputID=0 length=64; unique interface
[2026-09-04T08:50:48Z] SEND walk-off-3 reportID=0 length=64 bytes=[06 14 03 09 00 00 00 00 00 00 00 00 00 00 00 00 00 00 00 00 00 00 00 00 00 00 00 00 00 00 00 00 00 00 00 00 00 00 00 00 00 00 00 00 00 00 00 00 00 00 00 00 00 00 00 00 00 00 00 00 00 00 00 00]
[2026-09-04T08:50:48Z] SETRESULT walk-off-3 IOReturn=0x00000000
[2026-09-04T08:50:48Z] INPUT walk-off-3 reportID=0 length=64 latencyMs=7.309 IOReturn=0x00000000 bytes=[AA 14 01 09 00 00 00 00 00 00 00 00 00 00 00 00 00 00 00 00 00 00 00 00 00 00 00 00 00 00 00 00 00 00 00 00 00 00 00 00 00 00 00 00 00 00 00 00 00 00 00 00 00 00 00 00 00 00 00 00 00 00 00 00]
[2026-09-04T08:50:48Z] SEND walk-on-0 reportID=0 length=64 bytes=[06 14 03 00 00 00 00 00 00 00 FF 00 00 00 00 00 00 00 00 00 00 00 00 00 00 00 00 00 00 00 00 00 00 00 00 00 00 00 00 00 00 00 00 00 00 00 00 00 00 00 00 00 00 00 00 00 00 00 00 00 00 00 00 00]
[2026-09-04T08:50:48Z] SETRESULT walk-on-0 IOReturn=0x00000000
[2026-09-04T08:50:48Z] INPUT walk-on-0 reportID=0 length=64 latencyMs=7.508 IOReturn=0x00000000 bytes=[AA 14 01 00 00 00 00 00 00 00 FF 00 00 00 00 00 00 00 00 00 00 00 00 00 00 00 00 00 00 00 00 00 00 00 00 00 00 00 00 00 00 00 00 00 00 00 00 00 00 00 00 00 00 00 00 00 00 00 00 00 00 00 00 00]
[2026-09-04T08:50:48Z] SEND walk-verify-0 reportID=0 length=64 bytes=[06 13 3A 00 00 00 00 00 00 00 00 00 00 00 00 00 00 00 00 00 00 00 00 00 00 00 00 00 00 00 00 00 00 00 00 00 00 00 00 00 00 00 00 00 00 00 00 00 00 00 00 00 00 00 00 00 00 00 00 00 00 00 00 00]
[2026-09-04T08:50:48Z] SETRESULT walk-verify-0 IOReturn=0x00000000
[2026-09-04T08:50:48Z] INPUT walk-verify-0 reportID=0 length=64 latencyMs=2.329 IOReturn=0x00000000 bytes=[AA 13 3A 00 00 00 00 00 00 00 FF 00 00 00 00 00 00 00 00 00 00 00 00 00 00 00 00 00 00 00 00 00 00 00 00 00 00 00 00 00 00 00 00 00 00 00 00 00 00 00 00 00 00 00 00 00 00 00 00 00 00 00 00 00]
[2026-09-04T08:50:48Z] TARGET SDINNOVATION SIDE-KEYBOARD VID=0816 PID=246E Serial=2D3B07678182 Usage=FF00:0002 OutputID=0 length=64; unique interface
[2026-09-04T08:50:48Z] SEND walk-off-3 reportID=0 length=64 bytes=[06 14 03 09 00 00 00 00 00 00 00 00 00 00 00 00 00 00 00 00 00 00 00 00 00 00 00 00 00 00 00 00 00 00 00 00 00 00 00 00 00 00 00 00 00 00 00 00 00 00 00 00 00 00 00 00 00 00 00 00 00 00 00 00]
[2026-09-04T08:50:48Z] SETRESULT walk-off-3 IOReturn=0x00000000
[2026-09-04T08:50:48Z] INPUT walk-off-3 reportID=0 length=64 latencyMs=6.996 IOReturn=0x00000000 bytes=[AA 14 01 09 00 00 00 00 00 00 00 00 00 00 00 00 00 00 00 00 00 00 00 00 00 00 00 00 00 00 00 00 00 00 00 00 00 00 00 00 00 00 00 00 00 00 00 00 00 00 00 00 00 00 00 00 00 00 00 00 00 00 00 00]
[2026-09-04T08:50:48Z] SEND walk-on-0 reportID=0 length=64 bytes=[06 14 03 00 00 00 00 00 00 FF 00 00 00 00 00 00 00 00 00 00 00 00 00 00 00 00 00 00 00 00 00 00 00 00 00 00 00 00 00 00 00 00 00 00 00 00 00 00 00 00 00 00 00 00 00 00 00 00 00 00 00 00 00 00]
[2026-09-04T08:50:48Z] SETRESULT walk-on-0 IOReturn=0x00000000
[2026-09-04T08:50:48Z] INPUT walk-on-0 reportID=0 length=64 latencyMs=7.212 IOReturn=0x00000000 bytes=[AA 14 01 00 00 00 00 00 00 FF 00 00 00 00 00 00 00 00 00 00 00 00 00 00 00 00 00 00 00 00 00 00 00 00 00 00 00 00 00 00 00 00 00 00 00 00 00 00 00 00 00 00 00 00 00 00 00 00 00 00 00 00 00 00]
[2026-09-04T08:50:48Z] SEND walk-verify-0 reportID=0 length=64 bytes=[06 13 3A 00 00 00 00 00 00 00 00 00 00 00 00 00 00 00 00 00 00 00 00 00 00 00 00 00 00 00 00 00 00 00 00 00 00 00 00 00 00 00 00 00 00 00 00 00 00 00 00 00 00 00 00 00 00 00 00 00 00 00 00 00]
[2026-09-04T08:50:48Z] SETRESULT walk-verify-0 IOReturn=0x00000000
[2026-09-04T08:50:48Z] INPUT walk-verify-0 reportID=0 length=64 latencyMs=1.867 IOReturn=0x00000000 bytes=[AA 13 3A 00 00 00 00 00 00 FF 00 00 00 00 00 00 00 00 00 00 00 00 00 00 00 00 00 00 00 00 00 00 00 00 00 00 00 00 00 00 00 00 00 00 00 00 00 00 00 00 00 00 00 00 00 00 00 00 00 00 00 00 00 00]
[2026-09-04T08:50:48Z] TARGET SDINNOVATION SIDE-KEYBOARD VID=0816 PID=246E Serial=3F8701678182 Usage=FF00:0002 OutputID=0 length=64; unique interface
[2026-09-04T08:50:48Z] SEND walk-off-3 reportID=0 length=64 bytes=[06 14 03 09 00 00 00 00 00 00 00 00 00 00 00 00 00 00 00 00 00 00 00 00 00 00 00 00 00 00 00 00 00 00 00 00 00 00 00 00 00 00 00 00 00 00 00 00 00 00 00 00 00 00 00 00 00 00 00 00 00 00 00 00]
[2026-09-04T08:50:48Z] SETRESULT walk-off-3 IOReturn=0x00000000
[2026-09-04T08:50:48Z] INPUT walk-off-3 reportID=0 length=64 latencyMs=6.883 IOReturn=0x00000000 bytes=[AA 14 01 09 00 00 00 00 00 00 00 00 00 00 00 00 00 00 00 00 00 00 00 00 00 00 00 00 00 00 00 00 00 00 00 00 00 00 00 00 00 00 00 00 00 00 00 00 00 00 00 00 00 00 00 00 00 00 00 00 00 00 00 00]
[2026-09-04T08:50:48Z] SEND walk-on-0 reportID=0 length=64 bytes=[06 14 03 00 00 00 00 00 FF 00 00 00 00 00 00 00 00 00 00 00 00 00 00 00 00 00 00 00 00 00 00 00 00 00 00 00 00 00 00 00 00 00 00 00 00 00 00 00 00 00 00 00 00 00 00 00 00 00 00 00 00 00 00 00]
[2026-09-04T08:50:48Z] SETRESULT walk-on-0 IOReturn=0x00000000
[2026-09-04T08:50:48Z] INPUT walk-on-0 reportID=0 length=64 latencyMs=6.939 IOReturn=0x00000000 bytes=[AA 14 01 00 00 00 00 00 FF 00 00 00 00 00 00 00 00 00 00 00 00 00 00 00 00 00 00 00 00 00 00 00 00 00 00 00 00 00 00 00 00 00 00 00 00 00 00 00 00 00 00 00 00 00 00 00 00 00 00 00 00 00 00 00]
[2026-09-04T08:50:48Z] SEND walk-verify-0 reportID=0 length=64 bytes=[06 13 3A 00 00 00 00 00 00 00 00 00 00 00 00 00 00 00 00 00 00 00 00 00 00 00 00 00 00 00 00 00 00 00 00 00 00 00 00 00 00 00 00 00 00 00 00 00 00 00 00 00 00 00 00 00 00 00 00 00 00 00 00 00]
[2026-09-04T08:50:48Z] SETRESULT walk-verify-0 IOReturn=0x00000000
[2026-09-04T08:50:48Z] INPUT walk-verify-0 reportID=0 length=64 latencyMs=1.545 IOReturn=0x00000000 bytes=[AA 13 3A 00 00 00 00 00 FF 00 00 00 00 00 00 00 00 00 00 00 00 00 00 00 00 00 00 00 00 00 00 00 00 00 00 00 00 00 00 00 00 00 00 00 00 00 00 00 00 00 00 00 00 00 00 00 00 00 00 00 00 00 00 00]
2026-09-04T08:50:48Z PASS all three restored to key_index=0; RGB chunk verified
