[0/1] Planning build
Building for debugging...
[0/4] Write swift-version--58304C5D6DBC2206.txt
[2/7] Compiling OverCUELightingProbe main.swift
[3/7] Compiling OverCUELightingProbe LiveRGBTest.swift
[4/7] Emitting module OverCUELightingProbe
[4/7] Write Objects.LinkFileList
[5/7] Linking overcue-led-probe
[6/7] Applying overcue-led-probe
Build of product 'overcue-led-probe' complete! (0.63s)
[2026-09-04T05:11:47Z] TARGET SDINNOVATION SIDE-KEYBOARD VID=0816 PID=246E Serial=592B14678182 Usage=FF00:0002 OutputID=0 length=64; unique interface
[2026-09-04T05:11:47Z] SEND pre-light reportID=0 length=64 bytes=[06 0A 00 00 00 00 00 00 00 00 00 00 00 00 00 00 00 00 00 00 00 00 00 00 00 00 00 00 00 00 00 00 00 00 00 00 00 00 00 00 00 00 00 00 00 00 00 00 00 00 00 00 00 00 00 00 00 00 00 00 00 00 00 00]
[2026-09-04T05:11:47Z] SETRESULT pre-light IOReturn=0x00000000
[2026-09-04T05:11:47Z] INPUT pre-light reportID=0 length=64 latencyMs=2.017 IOReturn=0x00000000 bytes=[AA 0A 0B 00 00 01 00 04 04 02 00 00 07 FF FF FF 00 00 00 00 00 00 00 00 00 00 00 00 00 00 00 00 00 00 00 00 00 00 00 00 00 00 00 00 00 00 00 00 00 00 00 00 00 00 00 00 00 00 00 00 00 00 00 00]
[2026-09-04T05:11:47Z] SEND pre-rgb reportID=0 length=64 bytes=[06 13 3A 00 00 00 00 00 00 00 00 00 00 00 00 00 00 00 00 00 00 00 00 00 00 00 00 00 00 00 00 00 00 00 00 00 00 00 00 00 00 00 00 00 00 00 00 00 00 00 00 00 00 00 00 00 00 00 00 00 00 00 00 00]
[2026-09-04T05:11:47Z] SETRESULT pre-rgb IOReturn=0x00000000
[2026-09-04T05:11:47Z] INPUT pre-rgb reportID=0 length=64 latencyMs=1.795 IOReturn=0x00000000 bytes=[AA 13 3A 00 00 00 00 00 00 FF 00 00 FF 00 00 FF 00 00 FF 00 00 FF 00 00 FF 00 00 00 00 00 00 00 00 00 00 00 00 00 00 00 00 00 00 00 00 00 00 00 00 00 00 00 00 00 00 00 00 00 00 00 00 00 00 00]
[2026-09-04T05:11:47Z] BASELINE full-byte match; mode=4 key0=00FF00
[2026-09-04T05:11:47Z] SEND custom-prepare reportID=0 length=64 bytes=[06 16 00 00 00 01 00 05 00 00 00 00 00 00 00 00 00 00 00 00 00 00 00 00 00 00 00 00 00 00 00 00 00 00 00 00 00 00 00 00 00 00 00 00 00 00 00 00 00 00 00 00 00 00 00 00 00 00 00 00 00 00 00 00]
[2026-09-04T05:11:47Z] SETRESULT custom-prepare IOReturn=0x00000000
[2026-09-04T05:11:47Z] INPUT custom-prepare reportID=0 length=64 latencyMs=1.823 IOReturn=0x00000000 bytes=[AA 16 0B 00 00 01 00 05 04 02 00 00 07 FF FF FF 00 00 00 00 00 00 00 00 00 00 00 00 00 00 00 00 00 00 00 00 00 00 00 00 00 00 00 00 00 00 00 00 00 00 00 00 00 00 00 00 00 00 00 00 00 00 00 00]
[2026-09-04T05:11:47Z] SEND custom-set reportID=0 length=64 bytes=[06 0B 0B 00 00 01 00 05 04 02 00 00 07 FF FF FF 00 00 00 00 00 00 00 00 00 00 00 00 00 00 00 00 00 00 00 00 00 00 00 00 00 00 00 00 00 00 00 00 00 00 00 00 00 00 00 00 00 00 00 00 00 00 00 00]
[2026-09-04T05:11:47Z] SETRESULT custom-set IOReturn=0x00000000
[2026-09-04T05:11:47Z] INPUT custom-set reportID=0 length=64 latencyMs=7.882 IOReturn=0x00000000 bytes=[AA 0B 01 00 00 01 00 05 04 02 00 00 07 FF FF FF 00 00 00 00 00 00 00 00 00 00 00 00 00 00 00 00 00 00 00 00 00 00 00 00 00 00 00 00 00 00 00 00 00 00 00 00 00 00 00 00 00 00 00 00 00 00 00 00]
[2026-09-04T05:11:47Z] SEND magenta reportID=0 length=64 bytes=[06 14 03 00 00 00 00 00 FF 00 FF 00 00 00 00 00 00 00 00 00 00 00 00 00 00 00 00 00 00 00 00 00 00 00 00 00 00 00 00 00 00 00 00 00 00 00 00 00 00 00 00 00 00 00 00 00 00 00 00 00 00 00 00 00]
[2026-09-04T05:11:47Z] SETRESULT magenta IOReturn=0x00000000
[2026-09-04T05:11:47Z] INPUT magenta reportID=0 length=64 latencyMs=6.625 IOReturn=0x00000000 bytes=[AA 14 01 00 00 00 00 00 FF 00 FF 00 00 00 00 00 00 00 00 00 00 00 00 00 00 00 00 00 00 00 00 00 00 00 00 00 00 00 00 00 00 00 00 00 00 00 00 00 00 00 00 00 00 00 00 00 00 00 00 00 00 00 00 00]
[2026-09-04T05:11:52Z] HOLD completed 5 seconds from magenta SetReport start; beginning rollback
[2026-09-04T05:11:52Z] SEND green-rollback reportID=0 length=64 bytes=[06 14 03 00 00 00 00 00 00 FF 00 00 00 00 00 00 00 00 00 00 00 00 00 00 00 00 00 00 00 00 00 00 00 00 00 00 00 00 00 00 00 00 00 00 00 00 00 00 00 00 00 00 00 00 00 00 00 00 00 00 00 00 00 00]
[2026-09-04T05:11:52Z] SETRESULT green-rollback IOReturn=0x00000000
[2026-09-04T05:11:52Z] INPUT green-rollback reportID=0 length=64 latencyMs=7.133 IOReturn=0x00000000 bytes=[AA 14 01 00 00 00 00 00 00 FF 00 00 00 00 00 00 00 00 00 00 00 00 00 00 00 00 00 00 00 00 00 00 00 00 00 00 00 00 00 00 00 00 00 00 00 00 00 00 00 00 00 00 00 00 00 00 00 00 00 00 00 00 00 00]
[2026-09-04T05:11:52Z] Green rollback response captured
[2026-09-04T05:11:52Z] SEND tidal-prepare reportID=0 length=64 bytes=[06 16 00 00 00 01 00 04 00 00 00 00 00 00 00 00 00 00 00 00 00 00 00 00 00 00 00 00 00 00 00 00 00 00 00 00 00 00 00 00 00 00 00 00 00 00 00 00 00 00 00 00 00 00 00 00 00 00 00 00 00 00 00 00]
[2026-09-04T05:11:52Z] SETRESULT tidal-prepare IOReturn=0x00000000
[2026-09-04T05:11:52Z] INPUT tidal-prepare reportID=0 length=64 latencyMs=1.867 IOReturn=0x00000000 bytes=[AA 16 0B 00 00 01 00 04 04 02 00 00 07 FF FF FF 00 00 00 00 00 00 00 00 00 00 00 00 00 00 00 00 00 00 00 00 00 00 00 00 00 00 00 00 00 00 00 00 00 00 00 00 00 00 00 00 00 00 00 00 00 00 00 00]
[2026-09-04T05:11:52Z] SEND tidal-set reportID=0 length=64 bytes=[06 0B 0B 00 00 01 00 04 04 02 00 00 07 FF FF FF 00 00 00 00 00 00 00 00 00 00 00 00 00 00 00 00 00 00 00 00 00 00 00 00 00 00 00 00 00 00 00 00 00 00 00 00 00 00 00 00 00 00 00 00 00 00 00 00]
[2026-09-04T05:11:52Z] SETRESULT tidal-set IOReturn=0x00000000
[2026-09-04T05:11:52Z] INPUT tidal-set reportID=0 length=64 latencyMs=8.045 IOReturn=0x00000000 bytes=[AA 0B 01 00 00 01 00 04 04 02 00 00 07 FF FF FF 00 00 00 00 00 00 00 00 00 00 00 00 00 00 00 00 00 00 00 00 00 00 00 00 00 00 00 00 00 00 00 00 00 00 00 00 00 00 00 00 00 00 00 00 00 00 00 00]
[2026-09-04T05:11:52Z] SEND post-light reportID=0 length=64 bytes=[06 0A 00 00 00 00 00 00 00 00 00 00 00 00 00 00 00 00 00 00 00 00 00 00 00 00 00 00 00 00 00 00 00 00 00 00 00 00 00 00 00 00 00 00 00 00 00 00 00 00 00 00 00 00 00 00 00 00 00 00 00 00 00 00]
[2026-09-04T05:11:52Z] SETRESULT post-light IOReturn=0x00000000
[2026-09-04T05:11:52Z] INPUT post-light reportID=0 length=64 latencyMs=2.110 IOReturn=0x00000000 bytes=[AA 0A 0B 00 00 01 00 04 04 02 00 00 07 FF FF FF 00 00 00 00 00 00 00 00 00 00 00 00 00 00 00 00 00 00 00 00 00 00 00 00 00 00 00 00 00 00 00 00 00 00 00 00 00 00 00 00 00 00 00 00 00 00 00 00]
[2026-09-04T05:11:52Z] SEND post-rgb reportID=0 length=64 bytes=[06 13 3A 00 00 00 00 00 00 00 00 00 00 00 00 00 00 00 00 00 00 00 00 00 00 00 00 00 00 00 00 00 00 00 00 00 00 00 00 00 00 00 00 00 00 00 00 00 00 00 00 00 00 00 00 00 00 00 00 00 00 00 00 00]
[2026-09-04T05:11:52Z] SETRESULT post-rgb IOReturn=0x00000000
[2026-09-04T05:11:52Z] INPUT post-rgb reportID=0 length=64 latencyMs=2.063 IOReturn=0x00000000 bytes=[AA 13 3A 00 00 00 00 00 00 FF 00 00 FF 00 00 FF 00 00 FF 00 00 FF 00 00 FF 00 00 00 00 00 00 00 00 00 00 00 00 00 00 00 00 00 00 00 00 00 00 00 00 00 00 00 00 00 00 00 00 00 00 00 00 00 00 00]
[2026-09-04T05:11:52Z] DIFF lighting offsets=[]
[2026-09-04T05:11:52Z] DIFF rgb offsets=[]
[2026-09-04T05:11:52Z] PASS baseline fully restored in both captured 64-byte chunks
