[0/1] Planning build
Building for debugging...
[0/3] Write swift-version--58304C5D6DBC2206.txt
[2/4] Emitting module OverCUELightingProbe
Build of product 'overcue-led-probe' complete! (0.25s)
[2026-09-04T07:00:45Z] TARGET SDINNOVATION SIDE-KEYBOARD VID=0816 PID=246E Serial=592B14678182 Usage=FF00:0002 OutputID=0 length=64; unique interface
[2026-09-04T07:00:45Z] SEND backup-light reportID=0 length=64 bytes=[06 0A 00 00 00 00 00 00 00 00 00 00 00 00 00 00 00 00 00 00 00 00 00 00 00 00 00 00 00 00 00 00 00 00 00 00 00 00 00 00 00 00 00 00 00 00 00 00 00 00 00 00 00 00 00 00 00 00 00 00 00 00 00 00]
[2026-09-04T07:00:45Z] SETRESULT backup-light IOReturn=0x00000000
[2026-09-04T07:00:45Z] INPUT backup-light reportID=0 length=64 latencyMs=2.259 IOReturn=0x00000000 bytes=[AA 0A 0B 00 00 01 00 04 04 02 00 00 07 FF FF FF 00 00 00 00 00 00 00 00 00 00 00 00 00 00 00 00 00 00 00 00 00 00 00 00 00 00 00 00 00 00 00 00 00 00 00 00 00 00 00 00 00 00 00 00 00 00 00 00]
[2026-09-04T07:00:45Z] SEND backup-rgb0 reportID=0 length=64 bytes=[06 13 3A 00 00 00 00 00 00 00 00 00 00 00 00 00 00 00 00 00 00 00 00 00 00 00 00 00 00 00 00 00 00 00 00 00 00 00 00 00 00 00 00 00 00 00 00 00 00 00 00 00 00 00 00 00 00 00 00 00 00 00 00 00]
[2026-09-04T07:00:45Z] SETRESULT backup-rgb0 IOReturn=0x00000000
[2026-09-04T07:00:45Z] INPUT backup-rgb0 reportID=0 length=64 latencyMs=1.643 IOReturn=0x00000000 bytes=[AA 13 3A 00 00 00 00 00 00 FF 00 00 FF 00 00 FF 00 00 FF 00 00 FF 00 00 FF 00 00 00 00 00 00 00 00 00 00 00 00 00 00 00 00 00 00 00 00 00 00 00 00 00 00 00 00 00 00 00 00 00 00 00 00 00 00 00]
[2026-09-04T07:00:45Z] SEND backup-rgb56 reportID=0 length=64 bytes=[06 13 3A 38 00 00 00 00 00 00 00 00 00 00 00 00 00 00 00 00 00 00 00 00 00 00 00 00 00 00 00 00 00 00 00 00 00 00 00 00 00 00 00 00 00 00 00 00 00 00 00 00 00 00 00 00 00 00 00 00 00 00 00 00]
[2026-09-04T07:00:45Z] SETRESULT backup-rgb56 IOReturn=0x00000000
[2026-09-04T07:00:45Z] INPUT backup-rgb56 reportID=0 length=64 latencyMs=1.619 IOReturn=0x00000000 bytes=[AA 13 3A 38 00 00 00 00 00 00 00 00 00 00 00 00 00 00 00 00 00 00 00 00 00 00 00 00 00 00 00 00 00 00 00 00 00 00 00 00 00 00 00 00 00 00 00 00 20 00 59 00 20 00 5A 00 20 00 5B 00 20 00 5C 00]
[2026-09-04T07:00:45Z] TARGET SDINNOVATION SIDE-KEYBOARD VID=0816 PID=246E Serial=2D3B07678182 Usage=FF00:0002 OutputID=0 length=64; unique interface
[2026-09-04T07:00:45Z] SEND backup-light reportID=0 length=64 bytes=[06 0A 00 00 00 00 00 00 00 00 00 00 00 00 00 00 00 00 00 00 00 00 00 00 00 00 00 00 00 00 00 00 00 00 00 00 00 00 00 00 00 00 00 00 00 00 00 00 00 00 00 00 00 00 00 00 00 00 00 00 00 00 00 00]
[2026-09-04T07:00:45Z] SETRESULT backup-light IOReturn=0x00000000
[2026-09-04T07:00:45Z] INPUT backup-light reportID=0 length=64 latencyMs=2.267 IOReturn=0x00000000 bytes=[AA 0A 0B 00 00 01 00 04 04 02 00 00 07 FF FF FF 00 00 00 00 00 00 00 00 00 00 00 00 00 00 00 00 00 00 00 00 00 00 00 00 00 00 00 00 00 00 00 00 00 00 00 00 00 00 00 00 00 00 00 00 00 00 00 00]
[2026-09-04T07:00:45Z] SEND backup-rgb0 reportID=0 length=64 bytes=[06 13 3A 00 00 00 00 00 00 00 00 00 00 00 00 00 00 00 00 00 00 00 00 00 00 00 00 00 00 00 00 00 00 00 00 00 00 00 00 00 00 00 00 00 00 00 00 00 00 00 00 00 00 00 00 00 00 00 00 00 00 00 00 00]
[2026-09-04T07:00:45Z] SETRESULT backup-rgb0 IOReturn=0x00000000
[2026-09-04T07:00:45Z] INPUT backup-rgb0 reportID=0 length=64 latencyMs=1.649 IOReturn=0x00000000 bytes=[AA 13 3A 00 00 00 00 00 00 FF 00 00 FF 00 00 FF 00 00 FF 00 00 FF 00 00 FF 00 00 00 00 00 00 00 00 00 00 00 00 00 00 00 00 00 00 00 00 00 00 00 00 00 00 00 00 00 00 00 00 00 00 00 00 00 00 00]
[2026-09-04T07:00:45Z] SEND backup-rgb56 reportID=0 length=64 bytes=[06 13 3A 38 00 00 00 00 00 00 00 00 00 00 00 00 00 00 00 00 00 00 00 00 00 00 00 00 00 00 00 00 00 00 00 00 00 00 00 00 00 00 00 00 00 00 00 00 00 00 00 00 00 00 00 00 00 00 00 00 00 00 00 00]
[2026-09-04T07:00:45Z] SETRESULT backup-rgb56 IOReturn=0x00000000
[2026-09-04T07:00:45Z] INPUT backup-rgb56 reportID=0 length=64 latencyMs=1.615 IOReturn=0x00000000 bytes=[AA 13 3A 38 00 00 00 00 00 00 00 00 00 00 00 00 00 00 00 00 00 00 00 00 00 00 00 00 00 00 00 00 00 00 00 00 00 00 00 00 00 00 00 00 00 00 00 00 20 00 59 00 20 00 5A 00 20 00 5B 00 20 00 5C 00]
[2026-09-04T07:00:45Z] TARGET SDINNOVATION SIDE-KEYBOARD VID=0816 PID=246E Serial=3F8701678182 Usage=FF00:0002 OutputID=0 length=64; unique interface
[2026-09-04T07:00:45Z] SEND backup-light reportID=0 length=64 bytes=[06 0A 00 00 00 00 00 00 00 00 00 00 00 00 00 00 00 00 00 00 00 00 00 00 00 00 00 00 00 00 00 00 00 00 00 00 00 00 00 00 00 00 00 00 00 00 00 00 00 00 00 00 00 00 00 00 00 00 00 00 00 00 00 00]
[2026-09-04T07:00:45Z] SETRESULT backup-light IOReturn=0x00000000
[2026-09-04T07:00:45Z] INPUT backup-light reportID=0 length=64 latencyMs=2.189 IOReturn=0x00000000 bytes=[AA 0A 0B 00 00 01 00 04 04 02 00 00 07 FF FF FF 00 00 00 00 00 00 00 00 00 00 00 00 00 00 00 00 00 00 00 00 00 00 00 00 00 00 00 00 00 00 00 00 00 00 00 00 00 00 00 00 00 00 00 00 00 00 00 00]
[2026-09-04T07:00:45Z] SEND backup-rgb0 reportID=0 length=64 bytes=[06 13 3A 00 00 00 00 00 00 00 00 00 00 00 00 00 00 00 00 00 00 00 00 00 00 00 00 00 00 00 00 00 00 00 00 00 00 00 00 00 00 00 00 00 00 00 00 00 00 00 00 00 00 00 00 00 00 00 00 00 00 00 00 00]
[2026-09-04T07:00:45Z] SETRESULT backup-rgb0 IOReturn=0x00000000
[2026-09-04T07:00:45Z] INPUT backup-rgb0 reportID=0 length=64 latencyMs=1.609 IOReturn=0x00000000 bytes=[AA 13 3A 00 00 00 00 00 00 FF 00 00 FF 00 00 FF 00 00 FF 00 00 FF 00 00 FF 00 00 00 00 00 00 00 00 00 00 00 00 00 00 00 00 00 00 00 00 00 00 00 00 00 00 00 00 00 00 00 00 00 00 00 00 00 00 00]
[2026-09-04T07:00:45Z] SEND backup-rgb56 reportID=0 length=64 bytes=[06 13 3A 38 00 00 00 00 00 00 00 00 00 00 00 00 00 00 00 00 00 00 00 00 00 00 00 00 00 00 00 00 00 00 00 00 00 00 00 00 00 00 00 00 00 00 00 00 00 00 00 00 00 00 00 00 00 00 00 00 00 00 00 00]
[2026-09-04T07:00:45Z] SETRESULT backup-rgb56 IOReturn=0x00000000
[2026-09-04T07:00:45Z] INPUT backup-rgb56 reportID=0 length=64 latencyMs=1.542 IOReturn=0x00000000 bytes=[AA 13 3A 38 00 00 00 00 00 00 00 00 00 00 00 00 00 00 00 00 00 00 00 00 00 00 00 00 00 00 00 00 00 00 00 00 00 00 00 00 00 00 00 00 00 00 00 00 20 00 59 00 20 00 5A 00 20 00 5B 00 20 00 5C 00]
[2026-09-04T07:00:45Z] TARGET SDINNOVATION SIDE-KEYBOARD VID=0816 PID=246E Serial=592B14678182 Usage=FF00:0002 OutputID=0 length=64; unique interface
[2026-09-04T07:00:45Z] SEND off-prepare reportID=0 length=64 bytes=[06 16 00 00 00 01 00 00 00 00 00 00 00 00 00 00 00 00 00 00 00 00 00 00 00 00 00 00 00 00 00 00 00 00 00 00 00 00 00 00 00 00 00 00 00 00 00 00 00 00 00 00 00 00 00 00 00 00 00 00 00 00 00 00]
[2026-09-04T07:00:45Z] SETRESULT off-prepare IOReturn=0x00000000
[2026-09-04T07:00:45Z] INPUT off-prepare reportID=0 length=64 latencyMs=2.454 IOReturn=0x00000000 bytes=[AA 16 0B 00 00 01 00 00 83 15 00 00 25 01 75 01 00 00 00 00 00 00 00 00 00 00 00 00 00 00 00 00 00 00 00 00 00 00 00 00 00 00 00 00 00 00 00 00 00 00 00 00 00 00 00 00 00 00 00 00 00 00 00 00]
[2026-09-04T07:00:45Z] SEND off-set reportID=0 length=64 bytes=[06 0B 0B 00 00 01 00 00 83 15 00 00 25 01 75 01 00 00 00 00 00 00 00 00 00 00 00 00 00 00 00 00 00 00 00 00 00 00 00 00 00 00 00 00 00 00 00 00 00 00 00 00 00 00 00 00 00 00 00 00 00 00 00 00]
[2026-09-04T07:00:45Z] SETRESULT off-set IOReturn=0x00000000
[2026-09-04T07:00:45Z] INPUT off-set reportID=0 length=64 latencyMs=7.654 IOReturn=0x00000000 bytes=[AA 0B 01 00 00 01 00 00 83 15 00 00 25 01 75 01 00 00 00 00 00 00 00 00 00 00 00 00 00 00 00 00 00 00 00 00 00 00 00 00 00 00 00 00 00 00 00 00 00 00 00 00 00 00 00 00 00 00 00 00 00 00 00 00]
[2026-09-04T07:00:45Z] SEND off-check reportID=0 length=64 bytes=[06 0A 00 00 00 00 00 00 00 00 00 00 00 00 00 00 00 00 00 00 00 00 00 00 00 00 00 00 00 00 00 00 00 00 00 00 00 00 00 00 00 00 00 00 00 00 00 00 00 00 00 00 00 00 00 00 00 00 00 00 00 00 00 00]
[2026-09-04T07:00:45Z] SETRESULT off-check IOReturn=0x00000000
[2026-09-04T07:00:45Z] INPUT off-check reportID=0 length=64 latencyMs=2.534 IOReturn=0x00000000 bytes=[AA 0A 0B 00 00 01 00 00 00 00 00 00 00 00 00 00 00 00 00 00 00 00 00 00 00 00 00 00 00 00 00 00 00 00 00 00 00 00 00 00 00 00 00 00 00 00 00 00 00 00 00 00 00 00 00 00 00 00 00 00 00 00 00 00]
[2026-09-04T07:00:45Z] TARGET SDINNOVATION SIDE-KEYBOARD VID=0816 PID=246E Serial=2D3B07678182 Usage=FF00:0002 OutputID=0 length=64; unique interface
[2026-09-04T07:00:45Z] SEND off-prepare reportID=0 length=64 bytes=[06 16 00 00 00 01 00 00 00 00 00 00 00 00 00 00 00 00 00 00 00 00 00 00 00 00 00 00 00 00 00 00 00 00 00 00 00 00 00 00 00 00 00 00 00 00 00 00 00 00 00 00 00 00 00 00 00 00 00 00 00 00 00 00]
[2026-09-04T07:00:45Z] SETRESULT off-prepare IOReturn=0x00000000
[2026-09-04T07:00:45Z] INPUT off-prepare reportID=0 length=64 latencyMs=1.865 IOReturn=0x00000000 bytes=[AA 16 0B 00 00 01 00 00 83 15 00 00 25 01 75 01 00 00 00 00 00 00 00 00 00 00 00 00 00 00 00 00 00 00 00 00 00 00 00 00 00 00 00 00 00 00 00 00 00 00 00 00 00 00 00 00 00 00 00 00 00 00 00 00]
[2026-09-04T07:00:45Z] SEND off-set reportID=0 length=64 bytes=[06 0B 0B 00 00 01 00 00 83 15 00 00 25 01 75 01 00 00 00 00 00 00 00 00 00 00 00 00 00 00 00 00 00 00 00 00 00 00 00 00 00 00 00 00 00 00 00 00 00 00 00 00 00 00 00 00 00 00 00 00 00 00 00 00]
[2026-09-04T07:00:45Z] SETRESULT off-set IOReturn=0x00000000
[2026-09-04T07:00:45Z] INPUT off-set reportID=0 length=64 latencyMs=7.491 IOReturn=0x00000000 bytes=[AA 0B 01 00 00 01 00 00 83 15 00 00 25 01 75 01 00 00 00 00 00 00 00 00 00 00 00 00 00 00 00 00 00 00 00 00 00 00 00 00 00 00 00 00 00 00 00 00 00 00 00 00 00 00 00 00 00 00 00 00 00 00 00 00]
[2026-09-04T07:00:45Z] SEND off-check reportID=0 length=64 bytes=[06 0A 00 00 00 00 00 00 00 00 00 00 00 00 00 00 00 00 00 00 00 00 00 00 00 00 00 00 00 00 00 00 00 00 00 00 00 00 00 00 00 00 00 00 00 00 00 00 00 00 00 00 00 00 00 00 00 00 00 00 00 00 00 00]
[2026-09-04T07:00:45Z] SETRESULT off-check IOReturn=0x00000000
[2026-09-04T07:00:45Z] INPUT off-check reportID=0 length=64 latencyMs=1.553 IOReturn=0x00000000 bytes=[AA 0A 0B 00 00 01 00 00 00 00 00 00 00 00 00 00 00 00 00 00 00 00 00 00 00 00 00 00 00 00 00 00 00 00 00 00 00 00 00 00 00 00 00 00 00 00 00 00 00 00 00 00 00 00 00 00 00 00 00 00 00 00 00 00]
[2026-09-04T07:00:45Z] TARGET SDINNOVATION SIDE-KEYBOARD VID=0816 PID=246E Serial=3F8701678182 Usage=FF00:0002 OutputID=0 length=64; unique interface
[2026-09-04T07:00:45Z] SEND off-prepare reportID=0 length=64 bytes=[06 16 00 00 00 01 00 00 00 00 00 00 00 00 00 00 00 00 00 00 00 00 00 00 00 00 00 00 00 00 00 00 00 00 00 00 00 00 00 00 00 00 00 00 00 00 00 00 00 00 00 00 00 00 00 00 00 00 00 00 00 00 00 00]
[2026-09-04T07:00:45Z] SETRESULT off-prepare IOReturn=0x00000000
[2026-09-04T07:00:45Z] INPUT off-prepare reportID=0 length=64 latencyMs=1.965 IOReturn=0x00000000 bytes=[AA 16 0B 00 00 01 00 00 83 15 00 00 25 01 75 01 00 00 00 00 00 00 00 00 00 00 00 00 00 00 00 00 00 00 00 00 00 00 00 00 00 00 00 00 00 00 00 00 00 00 00 00 00 00 00 00 00 00 00 00 00 00 00 00]
[2026-09-04T07:00:45Z] SEND off-set reportID=0 length=64 bytes=[06 0B 0B 00 00 01 00 00 83 15 00 00 25 01 75 01 00 00 00 00 00 00 00 00 00 00 00 00 00 00 00 00 00 00 00 00 00 00 00 00 00 00 00 00 00 00 00 00 00 00 00 00 00 00 00 00 00 00 00 00 00 00 00 00]
[2026-09-04T07:00:45Z] SETRESULT off-set IOReturn=0x00000000
[2026-09-04T07:00:45Z] INPUT off-set reportID=0 length=64 latencyMs=8.491 IOReturn=0x00000000 bytes=[AA 0B 01 00 00 01 00 00 83 15 00 00 25 01 75 01 00 00 00 00 00 00 00 00 00 00 00 00 00 00 00 00 00 00 00 00 00 00 00 00 00 00 00 00 00 00 00 00 00 00 00 00 00 00 00 00 00 00 00 00 00 00 00 00]
[2026-09-04T07:00:45Z] SEND off-check reportID=0 length=64 bytes=[06 0A 00 00 00 00 00 00 00 00 00 00 00 00 00 00 00 00 00 00 00 00 00 00 00 00 00 00 00 00 00 00 00 00 00 00 00 00 00 00 00 00 00 00 00 00 00 00 00 00 00 00 00 00 00 00 00 00 00 00 00 00 00 00]
[2026-09-04T07:00:45Z] SETRESULT off-check IOReturn=0x00000000
[2026-09-04T07:00:45Z] INPUT off-check reportID=0 length=64 latencyMs=2.212 IOReturn=0x00000000 bytes=[AA 0A 0B 00 00 01 00 00 00 00 00 00 00 00 00 00 00 00 00 00 00 00 00 00 00 00 00 00 00 00 00 00 00 00 00 00 00 00 00 00 00 00 00 00 00 00 00 00 00 00 00 00 00 00 00 00 00 00 00 00 00 00 00 00]
[2026-09-04T07:00:45Z] TARGET SDINNOVATION SIDE-KEYBOARD VID=0816 PID=246E Serial=592B14678182 Usage=FF00:0002 OutputID=0 length=64; unique interface
[2026-09-04T07:00:45Z] SEND rgb-set0 reportID=0 length=64 bytes=[06 12 3B 00 00 00 00 00 00 00 FF 00 00 00 00 00 00 00 00 00 00 00 00 00 00 00 00 00 00 00 00 00 00 00 00 00 00 00 00 00 00 00 00 00 00 00 00 00 00 00 00 00 00 00 00 00 00 00 00 00 00 00 00 00]
[2026-09-04T07:00:45Z] SETRESULT rgb-set0 IOReturn=0x00000000
[2026-09-04T07:00:45Z] INPUT rgb-set0 reportID=0 length=64 latencyMs=12.613 IOReturn=0x00000000 bytes=[AA 12 01 00 00 00 00 00 00 00 FF 00 00 00 00 00 00 00 00 00 00 00 00 00 00 00 00 00 00 00 00 00 00 00 00 00 00 00 00 00 00 00 00 00 00 00 00 00 00 00 00 00 00 00 00 00 00 00 00 00 00 00 00 00]
[2026-09-04T07:00:45Z] SEND rgb-set56 reportID=0 length=64 bytes=[06 12 04 38 00 00 00 00 00 00 00 00 00 00 00 00 00 00 00 00 00 00 00 00 00 00 00 00 00 00 00 00 00 00 00 00 00 00 00 00 00 00 00 00 00 00 00 00 00 00 00 00 00 00 00 00 00 00 00 00 00 00 00 00]
[2026-09-04T07:00:45Z] SETRESULT rgb-set56 IOReturn=0x00000000
[2026-09-04T07:00:45Z] INPUT rgb-set56 reportID=0 length=64 latencyMs=6.632 IOReturn=0x00000000 bytes=[AA 12 01 38 00 00 00 00 00 00 00 00 00 00 00 00 00 00 00 00 00 00 00 00 00 00 00 00 00 00 00 00 00 00 00 00 00 00 00 00 00 00 00 00 00 00 00 00 00 00 00 00 00 00 00 00 00 00 00 00 00 00 00 00]
[2026-09-04T07:00:45Z] SEND verify-rgb0 reportID=0 length=64 bytes=[06 13 3A 00 00 00 00 00 00 00 00 00 00 00 00 00 00 00 00 00 00 00 00 00 00 00 00 00 00 00 00 00 00 00 00 00 00 00 00 00 00 00 00 00 00 00 00 00 00 00 00 00 00 00 00 00 00 00 00 00 00 00 00 00]
[2026-09-04T07:00:45Z] SETRESULT verify-rgb0 IOReturn=0x00000000
[2026-09-04T07:00:45Z] INPUT verify-rgb0 reportID=0 length=64 latencyMs=1.602 IOReturn=0x00000000 bytes=[AA 13 3A 00 00 00 00 00 00 00 FF 00 00 00 00 00 00 00 00 00 00 00 00 00 00 00 00 00 00 00 00 00 00 00 00 00 00 00 00 00 00 00 00 00 00 00 00 00 00 00 00 00 00 00 00 00 00 00 00 00 00 00 00 00]
[2026-09-04T07:00:45Z] SEND verify-rgb56 reportID=0 length=64 bytes=[06 13 3A 38 00 00 00 00 00 00 00 00 00 00 00 00 00 00 00 00 00 00 00 00 00 00 00 00 00 00 00 00 00 00 00 00 00 00 00 00 00 00 00 00 00 00 00 00 00 00 00 00 00 00 00 00 00 00 00 00 00 00 00 00]
[2026-09-04T07:00:45Z] SETRESULT verify-rgb56 IOReturn=0x00000000
[2026-09-04T07:00:45Z] INPUT verify-rgb56 reportID=0 length=64 latencyMs=1.712 IOReturn=0x00000000 bytes=[AA 13 3A 38 00 00 00 00 00 00 00 00 00 00 00 00 00 00 00 00 00 00 00 00 00 00 00 00 00 00 00 00 00 00 00 00 00 00 00 00 00 00 00 00 00 00 00 00 20 00 59 00 20 00 5A 00 20 00 5B 00 20 00 5C 00]
[2026-09-04T07:00:45Z] SEND custom-prepare reportID=0 length=64 bytes=[06 16 00 00 00 01 00 05 00 00 00 00 00 00 00 00 00 00 00 00 00 00 00 00 00 00 00 00 00 00 00 00 00 00 00 00 00 00 00 00 00 00 00 00 00 00 00 00 00 00 00 00 00 00 00 00 00 00 00 00 00 00 00 00]
[2026-09-04T07:00:45Z] SETRESULT custom-prepare IOReturn=0x00000000
[2026-09-04T07:00:45Z] INPUT custom-prepare reportID=0 length=64 latencyMs=1.683 IOReturn=0x00000000 bytes=[AA 16 0B 00 00 01 00 05 04 02 00 00 07 FF FF FF 00 00 00 00 00 00 00 00 00 00 00 00 00 00 00 00 00 00 00 00 00 00 00 00 00 00 00 00 00 00 00 00 00 00 00 00 00 00 00 00 00 00 00 00 00 00 00 00]
[2026-09-04T07:00:45Z] SEND custom-set reportID=0 length=64 bytes=[06 0B 0B 00 00 01 00 05 04 02 00 00 07 FF FF FF 00 00 00 00 00 00 00 00 00 00 00 00 00 00 00 00 00 00 00 00 00 00 00 00 00 00 00 00 00 00 00 00 00 00 00 00 00 00 00 00 00 00 00 00 00 00 00 00]
[2026-09-04T07:00:45Z] SETRESULT custom-set IOReturn=0x00000000
[2026-09-04T07:00:45Z] INPUT custom-set reportID=0 length=64 latencyMs=7.737 IOReturn=0x00000000 bytes=[AA 0B 01 00 00 01 00 05 04 02 00 00 07 FF FF FF 00 00 00 00 00 00 00 00 00 00 00 00 00 00 00 00 00 00 00 00 00 00 00 00 00 00 00 00 00 00 00 00 00 00 00 00 00 00 00 00 00 00 00 00 00 00 00 00]
[2026-09-04T07:00:45Z] SEND custom-check reportID=0 length=64 bytes=[06 0A 00 00 00 00 00 00 00 00 00 00 00 00 00 00 00 00 00 00 00 00 00 00 00 00 00 00 00 00 00 00 00 00 00 00 00 00 00 00 00 00 00 00 00 00 00 00 00 00 00 00 00 00 00 00 00 00 00 00 00 00 00 00]
[2026-09-04T07:00:45Z] SETRESULT custom-check IOReturn=0x00000000
[2026-09-04T07:00:45Z] INPUT custom-check reportID=0 length=64 latencyMs=1.558 IOReturn=0x00000000 bytes=[AA 0A 0B 00 00 01 00 05 04 02 00 00 07 FF FF FF 00 00 00 00 00 00 00 00 00 00 00 00 00 00 00 00 00 00 00 00 00 00 00 00 00 00 00 00 00 00 00 00 00 00 00 00 00 00 00 00 00 00 00 00 00 00 00 00]
[2026-09-04T07:00:45Z] TARGET SDINNOVATION SIDE-KEYBOARD VID=0816 PID=246E Serial=2D3B07678182 Usage=FF00:0002 OutputID=0 length=64; unique interface
[2026-09-04T07:00:45Z] SEND rgb-set0 reportID=0 length=64 bytes=[06 12 3B 00 00 00 00 00 00 FF 00 00 00 00 00 00 00 00 00 00 00 00 00 00 00 00 00 00 00 00 00 00 00 00 00 00 00 00 00 00 00 00 00 00 00 00 00 00 00 00 00 00 00 00 00 00 00 00 00 00 00 00 00 00]
[2026-09-04T07:00:45Z] SETRESULT rgb-set0 IOReturn=0x00000000
[2026-09-04T07:00:45Z] INPUT rgb-set0 reportID=0 length=64 latencyMs=12.717 IOReturn=0x00000000 bytes=[AA 12 01 00 00 00 00 00 00 FF 00 00 00 00 00 00 00 00 00 00 00 00 00 00 00 00 00 00 00 00 00 00 00 00 00 00 00 00 00 00 00 00 00 00 00 00 00 00 00 00 00 00 00 00 00 00 00 00 00 00 00 00 00 00]
[2026-09-04T07:00:45Z] SEND rgb-set56 reportID=0 length=64 bytes=[06 12 04 38 00 00 00 00 00 00 00 00 00 00 00 00 00 00 00 00 00 00 00 00 00 00 00 00 00 00 00 00 00 00 00 00 00 00 00 00 00 00 00 00 00 00 00 00 00 00 00 00 00 00 00 00 00 00 00 00 00 00 00 00]
[2026-09-04T07:00:45Z] SETRESULT rgb-set56 IOReturn=0x00000000
[2026-09-04T07:00:45Z] INPUT rgb-set56 reportID=0 length=64 latencyMs=6.534 IOReturn=0x00000000 bytes=[AA 12 01 38 00 00 00 00 00 00 00 00 00 00 00 00 00 00 00 00 00 00 00 00 00 00 00 00 00 00 00 00 00 00 00 00 00 00 00 00 00 00 00 00 00 00 00 00 00 00 00 00 00 00 00 00 00 00 00 00 00 00 00 00]
[2026-09-04T07:00:45Z] SEND verify-rgb0 reportID=0 length=64 bytes=[06 13 3A 00 00 00 00 00 00 00 00 00 00 00 00 00 00 00 00 00 00 00 00 00 00 00 00 00 00 00 00 00 00 00 00 00 00 00 00 00 00 00 00 00 00 00 00 00 00 00 00 00 00 00 00 00 00 00 00 00 00 00 00 00]
[2026-09-04T07:00:45Z] SETRESULT verify-rgb0 IOReturn=0x00000000
[2026-09-04T07:00:45Z] INPUT verify-rgb0 reportID=0 length=64 latencyMs=1.669 IOReturn=0x00000000 bytes=[AA 13 3A 00 00 00 00 00 00 FF 00 00 00 00 00 00 00 00 00 00 00 00 00 00 00 00 00 00 00 00 00 00 00 00 00 00 00 00 00 00 00 00 00 00 00 00 00 00 00 00 00 00 00 00 00 00 00 00 00 00 00 00 00 00]
[2026-09-04T07:00:45Z] SEND verify-rgb56 reportID=0 length=64 bytes=[06 13 3A 38 00 00 00 00 00 00 00 00 00 00 00 00 00 00 00 00 00 00 00 00 00 00 00 00 00 00 00 00 00 00 00 00 00 00 00 00 00 00 00 00 00 00 00 00 00 00 00 00 00 00 00 00 00 00 00 00 00 00 00 00]
[2026-09-04T07:00:45Z] SETRESULT verify-rgb56 IOReturn=0x00000000
[2026-09-04T07:00:45Z] INPUT verify-rgb56 reportID=0 length=64 latencyMs=1.622 IOReturn=0x00000000 bytes=[AA 13 3A 38 00 00 00 00 00 00 00 00 00 00 00 00 00 00 00 00 00 00 00 00 00 00 00 00 00 00 00 00 00 00 00 00 00 00 00 00 00 00 00 00 00 00 00 00 20 00 59 00 20 00 5A 00 20 00 5B 00 20 00 5C 00]
[2026-09-04T07:00:45Z] SEND custom-prepare reportID=0 length=64 bytes=[06 16 00 00 00 01 00 05 00 00 00 00 00 00 00 00 00 00 00 00 00 00 00 00 00 00 00 00 00 00 00 00 00 00 00 00 00 00 00 00 00 00 00 00 00 00 00 00 00 00 00 00 00 00 00 00 00 00 00 00 00 00 00 00]
[2026-09-04T07:00:45Z] SETRESULT custom-prepare IOReturn=0x00000000
[2026-09-04T07:00:45Z] INPUT custom-prepare reportID=0 length=64 latencyMs=1.697 IOReturn=0x00000000 bytes=[AA 16 0B 00 00 01 00 05 04 02 00 00 07 FF FF FF 00 00 00 00 00 00 00 00 00 00 00 00 00 00 00 00 00 00 00 00 00 00 00 00 00 00 00 00 00 00 00 00 00 00 00 00 00 00 00 00 00 00 00 00 00 00 00 00]
[2026-09-04T07:00:45Z] SEND custom-set reportID=0 length=64 bytes=[06 0B 0B 00 00 01 00 05 04 02 00 00 07 FF FF FF 00 00 00 00 00 00 00 00 00 00 00 00 00 00 00 00 00 00 00 00 00 00 00 00 00 00 00 00 00 00 00 00 00 00 00 00 00 00 00 00 00 00 00 00 00 00 00 00]
[2026-09-04T07:00:45Z] SETRESULT custom-set IOReturn=0x00000000
[2026-09-04T07:00:45Z] INPUT custom-set reportID=0 length=64 latencyMs=7.746 IOReturn=0x00000000 bytes=[AA 0B 01 00 00 01 00 05 04 02 00 00 07 FF FF FF 00 00 00 00 00 00 00 00 00 00 00 00 00 00 00 00 00 00 00 00 00 00 00 00 00 00 00 00 00 00 00 00 00 00 00 00 00 00 00 00 00 00 00 00 00 00 00 00]
[2026-09-04T07:00:45Z] SEND custom-check reportID=0 length=64 bytes=[06 0A 00 00 00 00 00 00 00 00 00 00 00 00 00 00 00 00 00 00 00 00 00 00 00 00 00 00 00 00 00 00 00 00 00 00 00 00 00 00 00 00 00 00 00 00 00 00 00 00 00 00 00 00 00 00 00 00 00 00 00 00 00 00]
[2026-09-04T07:00:45Z] SETRESULT custom-check IOReturn=0x00000000
[2026-09-04T07:00:45Z] INPUT custom-check reportID=0 length=64 latencyMs=1.598 IOReturn=0x00000000 bytes=[AA 0A 0B 00 00 01 00 05 04 02 00 00 07 FF FF FF 00 00 00 00 00 00 00 00 00 00 00 00 00 00 00 00 00 00 00 00 00 00 00 00 00 00 00 00 00 00 00 00 00 00 00 00 00 00 00 00 00 00 00 00 00 00 00 00]
[2026-09-04T07:00:45Z] TARGET SDINNOVATION SIDE-KEYBOARD VID=0816 PID=246E Serial=3F8701678182 Usage=FF00:0002 OutputID=0 length=64; unique interface
[2026-09-04T07:00:45Z] SEND rgb-set0 reportID=0 length=64 bytes=[06 12 3B 00 00 00 00 00 FF 00 00 00 00 00 00 00 00 00 00 00 00 00 00 00 00 00 00 00 00 00 00 00 00 00 00 00 00 00 00 00 00 00 00 00 00 00 00 00 00 00 00 00 00 00 00 00 00 00 00 00 00 00 00 00]
[2026-09-04T07:00:45Z] SETRESULT rgb-set0 IOReturn=0x00000000
[2026-09-04T07:00:45Z] INPUT rgb-set0 reportID=0 length=64 latencyMs=12.695 IOReturn=0x00000000 bytes=[AA 12 01 00 00 00 00 00 FF 00 00 00 00 00 00 00 00 00 00 00 00 00 00 00 00 00 00 00 00 00 00 00 00 00 00 00 00 00 00 00 00 00 00 00 00 00 00 00 00 00 00 00 00 00 00 00 00 00 00 00 00 00 00 00]
[2026-09-04T07:00:45Z] SEND rgb-set56 reportID=0 length=64 bytes=[06 12 04 38 00 00 00 00 00 00 00 00 00 00 00 00 00 00 00 00 00 00 00 00 00 00 00 00 00 00 00 00 00 00 00 00 00 00 00 00 00 00 00 00 00 00 00 00 00 00 00 00 00 00 00 00 00 00 00 00 00 00 00 00]
[2026-09-04T07:00:45Z] SETRESULT rgb-set56 IOReturn=0x00000000
[2026-09-04T07:00:45Z] INPUT rgb-set56 reportID=0 length=64 latencyMs=6.661 IOReturn=0x00000000 bytes=[AA 12 01 38 00 00 00 00 00 00 00 00 00 00 00 00 00 00 00 00 00 00 00 00 00 00 00 00 00 00 00 00 00 00 00 00 00 00 00 00 00 00 00 00 00 00 00 00 00 00 00 00 00 00 00 00 00 00 00 00 00 00 00 00]
[2026-09-04T07:00:45Z] SEND verify-rgb0 reportID=0 length=64 bytes=[06 13 3A 00 00 00 00 00 00 00 00 00 00 00 00 00 00 00 00 00 00 00 00 00 00 00 00 00 00 00 00 00 00 00 00 00 00 00 00 00 00 00 00 00 00 00 00 00 00 00 00 00 00 00 00 00 00 00 00 00 00 00 00 00]
[2026-09-04T07:00:45Z] SETRESULT verify-rgb0 IOReturn=0x00000000
[2026-09-04T07:00:45Z] INPUT verify-rgb0 reportID=0 length=64 latencyMs=1.549 IOReturn=0x00000000 bytes=[AA 13 3A 00 00 00 00 00 FF 00 00 00 00 00 00 00 00 00 00 00 00 00 00 00 00 00 00 00 00 00 00 00 00 00 00 00 00 00 00 00 00 00 00 00 00 00 00 00 00 00 00 00 00 00 00 00 00 00 00 00 00 00 00 00]
[2026-09-04T07:00:45Z] SEND verify-rgb56 reportID=0 length=64 bytes=[06 13 3A 38 00 00 00 00 00 00 00 00 00 00 00 00 00 00 00 00 00 00 00 00 00 00 00 00 00 00 00 00 00 00 00 00 00 00 00 00 00 00 00 00 00 00 00 00 00 00 00 00 00 00 00 00 00 00 00 00 00 00 00 00]
[2026-09-04T07:00:45Z] SETRESULT verify-rgb56 IOReturn=0x00000000
[2026-09-04T07:00:45Z] INPUT verify-rgb56 reportID=0 length=64 latencyMs=1.677 IOReturn=0x00000000 bytes=[AA 13 3A 38 00 00 00 00 00 00 00 00 00 00 00 00 00 00 00 00 00 00 00 00 00 00 00 00 00 00 00 00 00 00 00 00 00 00 00 00 00 00 00 00 00 00 00 00 20 00 59 00 20 00 5A 00 20 00 5B 00 20 00 5C 00]
[2026-09-04T07:00:45Z] SEND custom-prepare reportID=0 length=64 bytes=[06 16 00 00 00 01 00 05 00 00 00 00 00 00 00 00 00 00 00 00 00 00 00 00 00 00 00 00 00 00 00 00 00 00 00 00 00 00 00 00 00 00 00 00 00 00 00 00 00 00 00 00 00 00 00 00 00 00 00 00 00 00 00 00]
[2026-09-04T07:00:45Z] SETRESULT custom-prepare IOReturn=0x00000000
[2026-09-04T07:00:45Z] INPUT custom-prepare reportID=0 length=64 latencyMs=1.719 IOReturn=0x00000000 bytes=[AA 16 0B 00 00 01 00 05 04 02 00 00 07 FF FF FF 00 00 00 00 00 00 00 00 00 00 00 00 00 00 00 00 00 00 00 00 00 00 00 00 00 00 00 00 00 00 00 00 00 00 00 00 00 00 00 00 00 00 00 00 00 00 00 00]
[2026-09-04T07:00:45Z] SEND custom-set reportID=0 length=64 bytes=[06 0B 0B 00 00 01 00 05 04 02 00 00 07 FF FF FF 00 00 00 00 00 00 00 00 00 00 00 00 00 00 00 00 00 00 00 00 00 00 00 00 00 00 00 00 00 00 00 00 00 00 00 00 00 00 00 00 00 00 00 00 00 00 00 00]
[2026-09-04T07:00:45Z] SETRESULT custom-set IOReturn=0x00000000
[2026-09-04T07:00:45Z] INPUT custom-set reportID=0 length=64 latencyMs=7.673 IOReturn=0x00000000 bytes=[AA 0B 01 00 00 01 00 05 04 02 00 00 07 FF FF FF 00 00 00 00 00 00 00 00 00 00 00 00 00 00 00 00 00 00 00 00 00 00 00 00 00 00 00 00 00 00 00 00 00 00 00 00 00 00 00 00 00 00 00 00 00 00 00 00]
[2026-09-04T07:00:45Z] SEND custom-check reportID=0 length=64 bytes=[06 0A 00 00 00 00 00 00 00 00 00 00 00 00 00 00 00 00 00 00 00 00 00 00 00 00 00 00 00 00 00 00 00 00 00 00 00 00 00 00 00 00 00 00 00 00 00 00 00 00 00 00 00 00 00 00 00 00 00 00 00 00 00 00]
[2026-09-04T07:00:45Z] SETRESULT custom-check IOReturn=0x00000000
[2026-09-04T07:00:45Z] INPUT custom-check reportID=0 length=64 latencyMs=1.677 IOReturn=0x00000000 bytes=[AA 0A 0B 00 00 01 00 05 04 02 00 00 07 FF FF FF 00 00 00 00 00 00 00 00 00 00 00 00 00 00 00 00 00 00 00 00 00 00 00 00 00 00 00 00 00 00 00 00 00 00 00 00 00 00 00 00 00 00 00 00 00 00 00 00]
BACKUP serial=592B14678182 config=[1, 0, 4, 4, 2, 0, 0, 7, 255, 255, 255] rgb57=[0, 255, 0, 0, 255, 0, 0, 255, 0, 0, 255, 0, 0, 255, 0, 0, 255, 0, 0, 0, 0, 0, 0, 0, 0, 0, 0, 0, 0, 0, 0, 0, 0, 0, 0, 0, 0, 0, 0, 0, 0, 0, 0, 0, 0, 0, 0, 0, 0, 0, 0, 0, 0, 0, 0, 0, 0]
BACKUP serial=2D3B07678182 config=[1, 0, 4, 4, 2, 0, 0, 7, 255, 255, 255] rgb57=[0, 255, 0, 0, 255, 0, 0, 255, 0, 0, 255, 0, 0, 255, 0, 0, 255, 0, 0, 0, 0, 0, 0, 0, 0, 0, 0, 0, 0, 0, 0, 0, 0, 0, 0, 0, 0, 0, 0, 0, 0, 0, 0, 0, 0, 0, 0, 0, 0, 0, 0, 0, 0, 0, 0, 0, 0]
BACKUP serial=3F8701678182 config=[1, 0, 4, 4, 2, 0, 0, 7, 255, 255, 255] rgb57=[0, 255, 0, 0, 255, 0, 0, 255, 0, 0, 255, 0, 0, 255, 0, 0, 255, 0, 0, 0, 0, 0, 0, 0, 0, 0, 0, 0, 0, 0, 0, 0, 0, 0, 0, 0, 0, 0, 0, 0, 0, 0, 0, 0, 0, 0, 0, 0, 0, 0, 0, 0, 0, 0, 0, 0, 0]
PASS serial=592B14678182 mode5 key0=[0, 0, 255] all other 18 RGB entries zero
PASS serial=2D3B07678182 mode5 key0=[0, 255, 0] all other 18 RGB entries zero
PASS serial=3F8701678182 mode5 key0=[255, 0, 0] all other 18 RGB entries zero
