[0/1] Planning build
Building for debugging...
[0/4] Write swift-version--58304C5D6DBC2206.txt
[2/8] Compiling OverCUELightingProbe ThreeSingleLights.swift
[3/8] Emitting module OverCUELightingProbe
[4/8] Compiling OverCUELightingProbe main.swift
[5/8] Compiling OverCUELightingProbe LiveRGBTest.swift
[5/8] Write Objects.LinkFileList
[6/8] Linking overcue-led-probe
[7/8] Applying overcue-led-probe
Build of product 'overcue-led-probe' complete! (0.68s)
[2026-09-04T08:46:52Z] TARGET SDINNOVATION SIDE-KEYBOARD VID=0816 PID=246E Serial=592B14678182 Usage=FF00:0002 OutputID=0 length=64; unique interface
[2026-09-04T08:46:52Z] SEND read-lighting reportID=0 length=64 bytes=[06 0A 00 00 00 00 00 00 00 00 00 00 00 00 00 00 00 00 00 00 00 00 00 00 00 00 00 00 00 00 00 00 00 00 00 00 00 00 00 00 00 00 00 00 00 00 00 00 00 00 00 00 00 00 00 00 00 00 00 00 00 00 00 00]
[2026-09-04T08:46:52Z] SETRESULT read-lighting IOReturn=0x00000000
[2026-09-04T08:46:52Z] INPUT read-lighting reportID=0 length=64 latencyMs=2.787 IOReturn=0x00000000 bytes=[AA 0A 0B 00 00 01 00 05 04 02 00 00 07 FF FF FF 00 00 00 00 00 00 00 00 00 00 00 00 00 00 00 00 00 00 00 00 00 00 00 00 00 00 00 00 00 00 00 00 00 00 00 00 00 00 00 00 00 00 00 00 00 00 00 00]
[2026-09-04T08:46:52Z] SEND read-rgb reportID=0 length=64 bytes=[06 13 3A 00 00 00 00 00 00 00 00 00 00 00 00 00 00 00 00 00 00 00 00 00 00 00 00 00 00 00 00 00 00 00 00 00 00 00 00 00 00 00 00 00 00 00 00 00 00 00 00 00 00 00 00 00 00 00 00 00 00 00 00 00]
[2026-09-04T08:46:52Z] SETRESULT read-rgb IOReturn=0x00000000
[2026-09-04T08:46:52Z] INPUT read-rgb reportID=0 length=64 latencyMs=1.777 IOReturn=0x00000000 bytes=[AA 13 3A 00 00 00 00 00 00 00 FF 00 00 00 00 00 00 00 00 00 00 00 00 00 00 00 00 00 00 00 00 00 00 00 00 00 00 00 00 00 00 00 00 00 00 00 00 00 00 00 00 00 00 00 00 00 00 00 00 00 00 00 00 00]
[2026-09-04T08:46:52Z] TARGET SDINNOVATION SIDE-KEYBOARD VID=0816 PID=246E Serial=2D3B07678182 Usage=FF00:0002 OutputID=0 length=64; unique interface
[2026-09-04T08:46:52Z] SEND read-lighting reportID=0 length=64 bytes=[06 0A 00 00 00 00 00 00 00 00 00 00 00 00 00 00 00 00 00 00 00 00 00 00 00 00 00 00 00 00 00 00 00 00 00 00 00 00 00 00 00 00 00 00 00 00 00 00 00 00 00 00 00 00 00 00 00 00 00 00 00 00 00 00]
[2026-09-04T08:46:52Z] SETRESULT read-lighting IOReturn=0x00000000
[2026-09-04T08:46:52Z] INPUT read-lighting reportID=0 length=64 latencyMs=1.997 IOReturn=0x00000000 bytes=[AA 0A 0B 00 00 01 00 05 04 02 00 00 07 FF FF FF 00 00 00 00 00 00 00 00 00 00 00 00 00 00 00 00 00 00 00 00 00 00 00 00 00 00 00 00 00 00 00 00 00 00 00 00 00 00 00 00 00 00 00 00 00 00 00 00]
[2026-09-04T08:46:52Z] SEND read-rgb reportID=0 length=64 bytes=[06 13 3A 00 00 00 00 00 00 00 00 00 00 00 00 00 00 00 00 00 00 00 00 00 00 00 00 00 00 00 00 00 00 00 00 00 00 00 00 00 00 00 00 00 00 00 00 00 00 00 00 00 00 00 00 00 00 00 00 00 00 00 00 00]
[2026-09-04T08:46:52Z] SETRESULT read-rgb IOReturn=0x00000000
[2026-09-04T08:46:52Z] INPUT read-rgb reportID=0 length=64 latencyMs=1.784 IOReturn=0x00000000 bytes=[AA 13 3A 00 00 00 00 00 00 FF 00 00 00 00 00 00 00 00 00 00 00 00 00 00 00 00 00 00 00 00 00 00 00 00 00 00 00 00 00 00 00 00 00 00 00 00 00 00 00 00 00 00 00 00 00 00 00 00 00 00 00 00 00 00]
[2026-09-04T08:46:52Z] TARGET SDINNOVATION SIDE-KEYBOARD VID=0816 PID=246E Serial=3F8701678182 Usage=FF00:0002 OutputID=0 length=64; unique interface
[2026-09-04T08:46:52Z] SEND read-lighting reportID=0 length=64 bytes=[06 0A 00 00 00 00 00 00 00 00 00 00 00 00 00 00 00 00 00 00 00 00 00 00 00 00 00 00 00 00 00 00 00 00 00 00 00 00 00 00 00 00 00 00 00 00 00 00 00 00 00 00 00 00 00 00 00 00 00 00 00 00 00 00]
[2026-09-04T08:46:52Z] SETRESULT read-lighting IOReturn=0x00000000
[2026-09-04T08:46:52Z] INPUT read-lighting reportID=0 length=64 latencyMs=2.202 IOReturn=0x00000000 bytes=[AA 0A 0B 00 00 01 00 05 04 02 00 00 07 FF FF FF 00 00 00 00 00 00 00 00 00 00 00 00 00 00 00 00 00 00 00 00 00 00 00 00 00 00 00 00 00 00 00 00 00 00 00 00 00 00 00 00 00 00 00 00 00 00 00 00]
[2026-09-04T08:46:52Z] SEND read-rgb reportID=0 length=64 bytes=[06 13 3A 00 00 00 00 00 00 00 00 00 00 00 00 00 00 00 00 00 00 00 00 00 00 00 00 00 00 00 00 00 00 00 00 00 00 00 00 00 00 00 00 00 00 00 00 00 00 00 00 00 00 00 00 00 00 00 00 00 00 00 00 00]
[2026-09-04T08:46:52Z] SETRESULT read-rgb IOReturn=0x00000000
[2026-09-04T08:46:52Z] INPUT read-rgb reportID=0 length=64 latencyMs=1.782 IOReturn=0x00000000 bytes=[AA 13 3A 00 00 00 00 00 FF 00 00 00 00 00 00 00 00 00 00 00 00 00 00 00 00 00 00 00 00 00 00 00 00 00 00 00 00 00 00 00 00 00 00 00 00 00 00 00 00 00 00 00 00 00 00 00 00 00 00 00 00 00 00 00]
